[    0.000000] Initializing cgroup subsys cpuset
[    0.000000] Initializing cgroup subsys cpu
[    0.000000] Initializing cgroup subsys cpuacct
[    0.000000] Linux version 4.4.0-31-generic (buildd@lgw01-43) (gcc version 4.8.4 (Ubuntu 4.8.4-2ubuntu1~14.04.3) ) #50~14.04.1-Ubuntu SMP Wed Jul 13 01:07:32 UTC 2016 (Ubuntu 4.4.0-31.50~14.04.1-generic 4.4.13)
[    0.000000] Command line: BOOT_IMAGE=/vmlinuz-4.4.0-31-generic root=/dev/mapper/deep--vg-root ro
[    0.000000] KERNEL supported cpus:
[    0.000000]   Intel GenuineIntel
[    0.000000]   AMD AuthenticAMD
[    0.000000]   Centaur CentaurHauls
[    0.000000] x86/fpu: xstate_offset[2]:  576, xstate_sizes[2]:  256
[    0.000000] x86/fpu: Supporting XSAVE feature 0x01: 'x87 floating point registers'
[    0.000000] x86/fpu: Supporting XSAVE feature 0x02: 'SSE registers'
[    0.000000] x86/fpu: Supporting XSAVE feature 0x04: 'AVX registers'
[    0.000000] x86/fpu: Enabled xstate features 0x7, context size is 832 bytes, using 'standard' format.
[    0.000000] x86/fpu: Using 'eager' FPU context switches.
[    0.000000] e820: BIOS-provided physical RAM map:
[    0.000000] BIOS-e820: [mem 0x0000000000000000-0x0000000000099bff] usable
[    0.000000] BIOS-e820: [mem 0x0000000000099c00-0x000000000009ffff] reserved
[    0.000000] BIOS-e820: [mem 0x00000000000e0000-0x00000000000fffff] reserved
[    0.000000] BIOS-e820: [mem 0x0000000000100000-0x00000000784f0fff] usable
[    0.000000] BIOS-e820: [mem 0x00000000784f1000-0x000000007948dfff] reserved
[    0.000000] BIOS-e820: [mem 0x000000007948e000-0x0000000079d43fff] ACPI NVS
[    0.000000] BIOS-e820: [mem 0x0000000079d44000-0x000000008fffffff] reserved
[    0.000000] BIOS-e820: [mem 0x00000000fed1c000-0x00000000fed44fff] reserved
[    0.000000] BIOS-e820: [mem 0x00000000ff000000-0x00000000ffffffff] reserved
[    0.000000] BIOS-e820: [mem 0x0000000100000000-0x000000207fffffff] usable
[    0.000000] NX (Execute Disable) protection: active
[    0.000000] SMBIOS 3.0 present.
[    0.000000] DMI: Supermicro Super Server/X10DRG-Q, BIOS 2.0a 08/29/2016
[    0.000000] e820: update [mem 0x00000000-0x00000fff] usable ==> reserved
[    0.000000] e820: remove [mem 0x000a0000-0x000fffff] usable
[    0.000000] e820: last_pfn = 0x2080000 max_arch_pfn = 0x400000000
[    0.000000] MTRR default type: write-back
[    0.000000] MTRR fixed ranges enabled:
[    0.000000]   00000-9FFFF write-back
[    0.000000]   A0000-BFFFF uncachable
[    0.000000]   C0000-FFFFF write-protect
[    0.000000] MTRR variable ranges enabled:
[    0.000000]   0 base 000080000000 mask 3FFF80000000 uncachable
[    0.000000]   1 base 380000000000 mask 3F8000000000 uncachable
[    0.000000]   2 base 000090000000 mask 3FFFF0000000 write-through
[    0.000000]   3 base 0000A0000000 mask 3FFFF0000000 write-through
[    0.000000]   4 base 0000B0000000 mask 3FFFFE000000 write-through
[    0.000000]   5 base 383FC0000000 mask 3FFFE0000000 write-through
[    0.000000]   6 base 383FE0000000 mask 3FFFF0000000 write-through
[    0.000000]   7 base 383FF0000000 mask 3FFFFE000000 write-through
[    0.000000]   8 disabled
[    0.000000]   9 disabled
[    0.000000] x86/PAT: Configuration [0-7]: WB  WC  UC- UC  WB  WC  UC- WT  
[    0.000000] e820: last_pfn = 0x784f1 max_arch_pfn = 0x400000000
[    0.000000] found SMP MP-table at [mem 0x000fd0c0-0x000fd0cf] mapped at [ffff8800000fd0c0]
[    0.000000] Scanning 1 areas for low memory corruption
[    0.000000] Base memory trampoline at [ffff880000093000] 93000 size 24576
[    0.000000] Using GB pages for direct mapping
[    0.000000] BRK [0x02003000, 0x02003fff] PGTABLE
[    0.000000] BRK [0x02004000, 0x02004fff] PGTABLE
[    0.000000] BRK [0x02005000, 0x02005fff] PGTABLE
[    0.000000] RAMDISK: [mem 0x35484000-0x36a39fff]
[    0.000000] ACPI: Early table checksum verification disabled
[    0.000000] ACPI: RSDP 0x00000000000F05B0 000024 (v02 SUPERM)
[    0.000000] ACPI: XSDT 0x000000007953E0A8 0000D4 (v01                 01072009 AMI  00010013)
[    0.000000] ACPI: FACP 0x00000000795707D8 00010C (v05 SUPERM SMCI--MB 01072009 AMI  00010013)
[    0.000000] ACPI: DSDT 0x000000007953E218 0325BD (v02 SUPERM SMCI--MB 01072009 INTL 20091013)
[    0.000000] ACPI: FACS 0x0000000079D42F80 000040
[    0.000000] ACPI: APIC 0x00000000795708E8 000304 (v03 SUPERM SMCI--MB 01072009 AMI  00010013)
[    0.000000] ACPI: FPDT 0x0000000079570BF0 000044 (v01 SUPERM SMCI--MB 01072009 AMI  00010013)
[    0.000000] ACPI: FIDT 0x0000000079570C38 00009C (v01 SUPERM SMCI--MB 01072009 AMI  00010013)
[    0.000000] ACPI: SPMI 0x0000000079570CD8 000040 (v05 SUPERM SMCI--MB 00000000 AMI. 00000000)
[    0.000000] ACPI: MCFG 0x0000000079570D18 00003C (v01 SUPERM SMCI--MB 01072009 MSFT 00000097)
[    0.000000] ACPI: UEFI 0x0000000079570D58 000042 (v01 SUPERM SMCI--MB 01072009      00000000)
[    0.000000] ACPI: HPET 0x0000000079570DA0 000038 (v01 SUPERM SMCI--MB 00000001 INTL 20091013)
[    0.000000] ACPI: MSCT 0x0000000079570DD8 000090 (v01 SUPERM SMCI--MB 00000001 INTL 20091013)
[    0.000000] ACPI: SLIT 0x0000000079570E68 000030 (v01 SUPERM SMCI--MB 00000001 INTL 20091013)
[    0.000000] ACPI: SRAT 0x0000000079570E98 001158 (v03 SUPERM SMCI--MB 00000001 INTL 20091013)
[    0.000000] ACPI: WDDT 0x0000000079571FF0 000040 (v01 SUPERM SMCI--MB 00000000 INTL 20091013)
[    0.000000] ACPI: SSDT 0x0000000079572030 01700F (v02 SUPERM PmMgt    00000001 INTL 20120913)
[    0.000000] ACPI: NITR 0x0000000079589040 000071 (v02 SUPERM SMCI--MB 00000001 INTL 20091013)
[    0.000000] ACPI: SSDT 0x00000000795890B8 00264C (v02 SUPERM SpsNm    00000002 INTL 20120913)
[    0.000000] ACPI: SSDT 0x000000007958B708 000064 (v02 SUPERM SpsNvs   00000002 INTL 20120913)
[    0.000000] ACPI: PRAD 0x000000007958B770 000102 (v02 SUPERM SMCI--MB 00000002 INTL 20120913)
[    0.000000] ACPI: DMAR 0x000000007958B878 000158 (v01 SUPERM SMCI--MB 00000001 INTL 20091013)
[    0.000000] ACPI: HEST 0x000000007958B9D0 00027C (v01 SUPERM SMCI--MB 00000001 INTL 00000001)
[    0.000000] ACPI: BERT 0x000000007958BC50 000030 (v01 SUPERM SMCI--MB 00000001 INTL 00000001)
[    0.000000] ACPI: ERST 0x000000007958BC80 000230 (v01 SUPERM SMCI--MB 00000001 INTL 00000001)
[    0.000000] ACPI: EINJ 0x000000007958BEB0 000130 (v01 SUPERM SMCI--MB 00000001 INTL 00000001)
[    0.000000] ACPI: Local APIC address 0xfee00000
[    0.000000] SRAT: PXM 0 -> APIC 0x00 -> Node 0
[    0.000000] SRAT: PXM 0 -> APIC 0x02 -> Node 0
[    0.000000] SRAT: PXM 0 -> APIC 0x04 -> Node 0
[    0.000000] SRAT: PXM 0 -> APIC 0x06 -> Node 0
[    0.000000] SRAT: PXM 0 -> APIC 0x08 -> Node 0
[    0.000000] SRAT: PXM 0 -> APIC 0x0a -> Node 0
[    0.000000] SRAT: PXM 0 -> APIC 0x10 -> Node 0
[    0.000000] SRAT: PXM 0 -> APIC 0x12 -> Node 0
[    0.000000] SRAT: PXM 0 -> APIC 0x14 -> Node 0
[    0.000000] SRAT: PXM 0 -> APIC 0x16 -> Node 0
[    0.000000] SRAT: PXM 0 -> APIC 0x18 -> Node 0
[    0.000000] SRAT: PXM 0 -> APIC 0x1a -> Node 0
[    0.000000] SRAT: PXM 1 -> APIC 0x20 -> Node 1
[    0.000000] SRAT: PXM 1 -> APIC 0x22 -> Node 1
[    0.000000] SRAT: PXM 1 -> APIC 0x24 -> Node 1
[    0.000000] SRAT: PXM 1 -> APIC 0x26 -> Node 1
[    0.000000] SRAT: PXM 1 -> APIC 0x28 -> Node 1
[    0.000000] SRAT: PXM 1 -> APIC 0x2a -> Node 1
[    0.000000] SRAT: PXM 1 -> APIC 0x30 -> Node 1
[    0.000000] SRAT: PXM 1 -> APIC 0x32 -> Node 1
[    0.000000] SRAT: PXM 1 -> APIC 0x34 -> Node 1
[    0.000000] SRAT: PXM 1 -> APIC 0x36 -> Node 1
[    0.000000] SRAT: PXM 1 -> APIC 0x38 -> Node 1
[    0.000000] SRAT: PXM 1 -> APIC 0x3a -> Node 1
[    0.000000] SRAT: PXM 0 -> APIC 0x01 -> Node 0
[    0.000000] SRAT: PXM 0 -> APIC 0x03 -> Node 0
[    0.000000] SRAT: PXM 0 -> APIC 0x05 -> Node 0
[    0.000000] SRAT: PXM 0 -> APIC 0x07 -> Node 0
[    0.000000] SRAT: PXM 0 -> APIC 0x09 -> Node 0
[    0.000000] SRAT: PXM 0 -> APIC 0x0b -> Node 0
[    0.000000] SRAT: PXM 0 -> APIC 0x11 -> Node 0
[    0.000000] SRAT: PXM 0 -> APIC 0x13 -> Node 0
[    0.000000] SRAT: PXM 0 -> APIC 0x15 -> Node 0
[    0.000000] SRAT: PXM 0 -> APIC 0x17 -> Node 0
[    0.000000] SRAT: PXM 0 -> APIC 0x19 -> Node 0
[    0.000000] SRAT: PXM 0 -> APIC 0x1b -> Node 0
[    0.000000] SRAT: PXM 1 -> APIC 0x21 -> Node 1
[    0.000000] SRAT: PXM 1 -> APIC 0x23 -> Node 1
[    0.000000] SRAT: PXM 1 -> APIC 0x25 -> Node 1
[    0.000000] SRAT: PXM 1 -> APIC 0x27 -> Node 1
[    0.000000] SRAT: PXM 1 -> APIC 0x29 -> Node 1
[    0.000000] SRAT: PXM 1 -> APIC 0x2b -> Node 1
[    0.000000] SRAT: PXM 1 -> APIC 0x31 -> Node 1
[    0.000000] SRAT: PXM 1 -> APIC 0x33 -> Node 1
[    0.000000] SRAT: PXM 1 -> APIC 0x35 -> Node 1
[    0.000000] SRAT: PXM 1 -> APIC 0x37 -> Node 1
[    0.000000] SRAT: PXM 1 -> APIC 0x39 -> Node 1
[    0.000000] SRAT: PXM 1 -> APIC 0x3b -> Node 1
[    0.000000] SRAT: Node 0 PXM 0 [mem 0x00000000-0x7fffffff]
[    0.000000] SRAT: Node 0 PXM 0 [mem 0x100000000-0x107fffffff]
[    0.000000] SRAT: Node 1 PXM 1 [mem 0x1080000000-0x207fffffff]
[    0.000000] NUMA: Initialized distance table, cnt=2
[    0.000000] NUMA: Node 0 [mem 0x00000000-0x7fffffff] + [mem 0x100000000-0x107fffffff] -> [mem 0x00000000-0x107fffffff]
[    0.000000] NODE_DATA(0) allocated [mem 0x107fffb000-0x107fffffff]
[    0.000000] NODE_DATA(1) allocated [mem 0x207fff8000-0x207fffcfff]
[    0.000000] Zone ranges:
[    0.000000]   DMA      [mem 0x0000000000001000-0x0000000000ffffff]
[    0.000000]   DMA32    [mem 0x0000000001000000-0x00000000ffffffff]
[    0.000000]   Normal   [mem 0x0000000100000000-0x000000207fffffff]
[    0.000000]   Device   empty
[    0.000000] Movable zone start for each node
[    0.000000] Early memory node ranges
[    0.000000]   node   0: [mem 0x0000000000001000-0x0000000000098fff]
[    0.000000]   node   0: [mem 0x0000000000100000-0x00000000784f0fff]
[    0.000000]   node   0: [mem 0x0000000100000000-0x000000107fffffff]
[    0.000000]   node   1: [mem 0x0000001080000000-0x000000207fffffff]
[    0.000000] Initmem setup node 0 [mem 0x0000000000001000-0x000000107fffffff]
[    0.000000] On node 0 totalpages: 16745609
[    0.000000]   DMA zone: 64 pages used for memmap
[    0.000000]   DMA zone: 21 pages reserved
[    0.000000]   DMA zone: 3992 pages, LIFO batch:0
[    0.000000]   DMA32 zone: 7636 pages used for memmap
[    0.000000]   DMA32 zone: 488689 pages, LIFO batch:31
[    0.000000]   Normal zone: 253952 pages used for memmap
[    0.000000]   Normal zone: 16252928 pages, LIFO batch:31
[    0.000000] Initmem setup node 1 [mem 0x0000001080000000-0x000000207fffffff]
[    0.000000] On node 1 totalpages: 16777216
[    0.000000]   Normal zone: 262144 pages used for memmap
[    0.000000]   Normal zone: 16777216 pages, LIFO batch:31
[    0.000000] ACPI: PM-Timer IO Port: 0x408
[    0.000000] ACPI: Local APIC address 0xfee00000
[    0.000000] ACPI: LAPIC_NMI (acpi_id[0x00] high edge lint[0x1])
[    0.000000] ACPI: LAPIC_NMI (acpi_id[0x02] high edge lint[0x1])
[    0.000000] ACPI: LAPIC_NMI (acpi_id[0x04] high edge lint[0x1])
[    0.000000] ACPI: LAPIC_NMI (acpi_id[0x06] high edge lint[0x1])
[    0.000000] ACPI: LAPIC_NMI (acpi_id[0x08] high edge lint[0x1])
[    0.000000] ACPI: LAPIC_NMI (acpi_id[0x0a] high edge lint[0x1])
[    0.000000] ACPI: LAPIC_NMI (acpi_id[0x10] high edge lint[0x1])
[    0.000000] ACPI: LAPIC_NMI (acpi_id[0x12] high edge lint[0x1])
[    0.000000] ACPI: LAPIC_NMI (acpi_id[0x14] high edge lint[0x1])
[    0.000000] ACPI: LAPIC_NMI (acpi_id[0x16] high edge lint[0x1])
[    0.000000] ACPI: LAPIC_NMI (acpi_id[0x18] high edge lint[0x1])
[    0.000000] ACPI: LAPIC_NMI (acpi_id[0x1a] high edge lint[0x1])
[    0.000000] ACPI: LAPIC_NMI (acpi_id[0x20] high edge lint[0x1])
[    0.000000] ACPI: LAPIC_NMI (acpi_id[0x22] high edge lint[0x1])
[    0.000000] ACPI: LAPIC_NMI (acpi_id[0x24] high edge lint[0x1])
[    0.000000] ACPI: LAPIC_NMI (acpi_id[0x26] high edge lint[0x1])
[    0.000000] ACPI: LAPIC_NMI (acpi_id[0x28] high edge lint[0x1])
[    0.000000] ACPI: LAPIC_NMI (acpi_id[0x2a] high edge lint[0x1])
[    0.000000] ACPI: LAPIC_NMI (acpi_id[0x30] high edge lint[0x1])
[    0.000000] ACPI: LAPIC_NMI (acpi_id[0x32] high edge lint[0x1])
[    0.000000] ACPI: LAPIC_NMI (acpi_id[0x34] high edge lint[0x1])
[    0.000000] ACPI: LAPIC_NMI (acpi_id[0x36] high edge lint[0x1])
[    0.000000] ACPI: LAPIC_NMI (acpi_id[0x38] high edge lint[0x1])
[    0.000000] ACPI: LAPIC_NMI (acpi_id[0x3a] high edge lint[0x1])
[    0.000000] ACPI: LAPIC_NMI (acpi_id[0x01] high edge lint[0x1])
[    0.000000] ACPI: LAPIC_NMI (acpi_id[0x03] high edge lint[0x1])
[    0.000000] ACPI: LAPIC_NMI (acpi_id[0x05] high edge lint[0x1])
[    0.000000] ACPI: LAPIC_NMI (acpi_id[0x07] high edge lint[0x1])
[    0.000000] ACPI: LAPIC_NMI (acpi_id[0x09] high edge lint[0x1])
[    0.000000] ACPI: LAPIC_NMI (acpi_id[0x0b] high edge lint[0x1])
[    0.000000] ACPI: LAPIC_NMI (acpi_id[0x11] high edge lint[0x1])
[    0.000000] ACPI: LAPIC_NMI (acpi_id[0x13] high edge lint[0x1])
[    0.000000] ACPI: LAPIC_NMI (acpi_id[0x15] high edge lint[0x1])
[    0.000000] ACPI: LAPIC_NMI (acpi_id[0x17] high edge lint[0x1])
[    0.000000] ACPI: LAPIC_NMI (acpi_id[0x19] high edge lint[0x1])
[    0.000000] ACPI: LAPIC_NMI (acpi_id[0x1b] high edge lint[0x1])
[    0.000000] ACPI: LAPIC_NMI (acpi_id[0x21] high edge lint[0x1])
[    0.000000] ACPI: LAPIC_NMI (acpi_id[0x23] high edge lint[0x1])
[    0.000000] ACPI: LAPIC_NMI (acpi_id[0x25] high edge lint[0x1])
[    0.000000] ACPI: LAPIC_NMI (acpi_id[0x27] high edge lint[0x1])
[    0.000000] ACPI: LAPIC_NMI (acpi_id[0x29] high edge lint[0x1])
[    0.000000] ACPI: LAPIC_NMI (acpi_id[0x2b] high edge lint[0x1])
[    0.000000] ACPI: LAPIC_NMI (acpi_id[0x31] high edge lint[0x1])
[    0.000000] ACPI: LAPIC_NMI (acpi_id[0x33] high edge lint[0x1])
[    0.000000] ACPI: LAPIC_NMI (acpi_id[0x35] high edge lint[0x1])
[    0.000000] ACPI: LAPIC_NMI (acpi_id[0x37] high edge lint[0x1])
[    0.000000] ACPI: LAPIC_NMI (acpi_id[0x39] high edge lint[0x1])
[    0.000000] ACPI: LAPIC_NMI (acpi_id[0x3b] high edge lint[0x1])
[    0.000000] IOAPIC[0]: apic_id 1, version 32, address 0xfec00000, GSI 0-23
[    0.000000] IOAPIC[1]: apic_id 2, version 32, address 0xfec01000, GSI 24-47
[    0.000000] IOAPIC[2]: apic_id 3, version 32, address 0xfec40000, GSI 48-71
[    0.000000] ACPI: INT_SRC_OVR (bus 0 bus_irq 0 global_irq 2 dfl dfl)
[    0.000000] ACPI: INT_SRC_OVR (bus 0 bus_irq 9 global_irq 9 high level)
[    0.000000] ACPI: IRQ0 used by override.
[    0.000000] ACPI: IRQ9 used by override.
[    0.000000] Using ACPI (MADT) for SMP configuration information
[    0.000000] ACPI: HPET id: 0x8086a701 base: 0xfed00000
[    0.000000] smpboot: Allowing 48 CPUs, 0 hotplug CPUs
[    0.000000] PM: Registered nosave memory: [mem 0x00000000-0x00000fff]
[    0.000000] PM: Registered nosave memory: [mem 0x00099000-0x00099fff]
[    0.000000] PM: Registered nosave memory: [mem 0x0009a000-0x0009ffff]
[    0.000000] PM: Registered nosave memory: [mem 0x000a0000-0x000dffff]
[    0.000000] PM: Registered nosave memory: [mem 0x000e0000-0x000fffff]
[    0.000000] PM: Registered nosave memory: [mem 0x784f1000-0x7948dfff]
[    0.000000] PM: Registered nosave memory: [mem 0x7948e000-0x79d43fff]
[    0.000000] PM: Registered nosave memory: [mem 0x79d44000-0x8fffffff]
[    0.000000] PM: Registered nosave memory: [mem 0x90000000-0xfed1bfff]
[    0.000000] PM: Registered nosave memory: [mem 0xfed1c000-0xfed44fff]
[    0.000000] PM: Registered nosave memory: [mem 0xfed45000-0xfeffffff]
[    0.000000] PM: Registered nosave memory: [mem 0xff000000-0xffffffff]
[    0.000000] e820: [mem 0x90000000-0xfed1bfff] available for PCI devices
[    0.000000] Booting paravirtualized kernel on bare hardware
[    0.000000] clocksource: refined-jiffies: mask: 0xffffffff max_cycles: 0xffffffff, max_idle_ns: 7645519600211568 ns
[    0.000000] setup_percpu: NR_CPUS:256 nr_cpumask_bits:256 nr_cpu_ids:48 nr_node_ids:2
[    0.000000] PERCPU: Embedded 33 pages/cpu @ffff88103f800000 s98008 r8192 d28968 u262144
[    0.000000] pcpu-alloc: s98008 r8192 d28968 u262144 alloc=1*2097152
[    0.000000] pcpu-alloc: [0] 00 01 02 03 04 05 06 07 [0] 08 09 10 11 24 25 26 27 
[    0.000000] pcpu-alloc: [0] 28 29 30 31 32 33 34 35 [1] 12 13 14 15 16 17 18 19 
[    0.000000] pcpu-alloc: [1] 20 21 22 23 36 37 38 39 [1] 40 41 42 43 44 45 46 47 
[    0.000000] Built 2 zonelists in Node order, mobility grouping on.  Total pages: 32999008
[    0.000000] Policy zone: Normal
[    0.000000] Kernel command line: BOOT_IMAGE=/vmlinuz-4.4.0-31-generic root=/dev/mapper/deep--vg-root ro
[    0.000000] log_buf_len individual max cpu contribution: 4096 bytes
[    0.000000] log_buf_len total cpu_extra contributions: 192512 bytes
[    0.000000] log_buf_len min size: 262144 bytes
[    0.000000] log_buf_len: 524288 bytes
[    0.000000] early log buf free: 245068(93%)
[    0.000000] PID hash table entries: 4096 (order: 3, 32768 bytes)
[    0.000000] Calgary: detecting Calgary via BIOS EBDA area
[    0.000000] Calgary: Unable to locate Rio Grande table in EBDA - bailing!
[    0.000000] Memory: 131882068K/134091300K available (8174K kernel code, 1291K rwdata, 3956K rodata, 1484K init, 1292K bss, 2209232K reserved, 0K cma-reserved)
[    0.000000] SLUB: HWalign=64, Order=0-3, MinObjects=0, CPUs=48, Nodes=2
[    0.000000] Hierarchical RCU implementation.
[    0.000000] 	Build-time adjustment of leaf fanout to 64.
[    0.000000] 	RCU restricting CPUs from NR_CPUS=256 to nr_cpu_ids=48.
[    0.000000] RCU: Adjusting geometry for rcu_fanout_leaf=64, nr_cpu_ids=48
[    0.000000] NR_IRQS:16640 nr_irqs:1624 16
[    0.000000] Console: colour dummy device 80x25
[    0.000000] console [tty0] enabled
[    0.000000] mempolicy: Enabling automatic NUMA balancing. Configure with numa_balancing= or the kernel.numa_balancing sysctl
[    0.000000] clocksource: hpet: mask: 0xffffffff max_cycles: 0xffffffff, max_idle_ns: 133484882848 ns
[    0.000000] hpet clockevent registered
[    0.000000] tsc: Fast TSC calibration using PIT
[    0.000000] tsc: Detected 2200.047 MHz processor
[    0.000040] Calibrating delay loop (skipped), value calculated using timer frequency.. 4400.09 BogoMIPS (lpj=8800188)
[    0.000047] pid_max: default: 49152 minimum: 384
[    0.000058] ACPI: Core revision 20150930
[    0.054157] ACPI: 4 ACPI AML tables successfully acquired and loaded
[    0.054231] Security Framework initialized
[    0.054235] Yama: becoming mindful.
[    0.054275] AppArmor: AppArmor initialized
[    0.062026] Dentry cache hash table entries: 16777216 (order: 15, 134217728 bytes)
[    0.088108] Inode-cache hash table entries: 8388608 (order: 14, 67108864 bytes)
[    0.099291] Mount-cache hash table entries: 262144 (order: 9, 2097152 bytes)
[    0.099425] Mountpoint-cache hash table entries: 262144 (order: 9, 2097152 bytes)
[    0.100353] Initializing cgroup subsys io
[    0.100360] Initializing cgroup subsys memory
[    0.100379] Initializing cgroup subsys devices
[    0.100384] Initializing cgroup subsys freezer
[    0.100388] Initializing cgroup subsys net_cls
[    0.100392] Initializing cgroup subsys perf_event
[    0.100403] Initializing cgroup subsys net_prio
[    0.100408] Initializing cgroup subsys hugetlb
[    0.100413] Initializing cgroup subsys pids
[    0.100451] CPU: Physical Processor ID: 0
[    0.100453] CPU: Processor Core ID: 0
[    0.101227] mce: CPU supports 22 MCE banks
[    0.101265] CPU0: Thermal monitoring enabled (TM1)
[    0.101298] process: using mwait in idle threads
[    0.101303] Last level iTLB entries: 4KB 64, 2MB 8, 4MB 8
[    0.101306] Last level dTLB entries: 4KB 64, 2MB 0, 4MB 0, 1GB 4
[    0.101701] Freeing SMP alternatives memory: 28K (ffffffff81eb7000 - ffffffff81ebe000)
[    0.103641] ftrace: allocating 32026 entries in 126 pages
[    0.118245] smpboot: Max logical packages: 4
[    0.118249] smpboot: APIC(0) Converting physical 0 to logical package 0
[    0.118253] smpboot: APIC(20) Converting physical 1 to logical package 1
[    0.118269] DMAR: Host address width 46
[    0.118272] DMAR: DRHD base: 0x000000fbffc000 flags: 0x0
[    0.118282] DMAR: dmar0: reg_base_addr fbffc000 ver 1:0 cap 8d2078c106f0466 ecap f020de
[    0.118287] DMAR: DRHD base: 0x000000d7ffc000 flags: 0x1
[    0.118293] DMAR: dmar1: reg_base_addr d7ffc000 ver 1:0 cap 8d2078c106f0466 ecap f020de
[    0.118299] DMAR: RMRR base: 0x0000007ba70000 end: 0x0000007ba7ffff
[    0.118302] DMAR: ATSR flags: 0x0
[    0.118305] DMAR: RHSA base: 0x000000d7ffc000 proximity domain: 0x0
[    0.118308] DMAR: RHSA base: 0x000000fbffc000 proximity domain: 0x1
[    0.118312] DMAR-IR: IOAPIC id 3 under DRHD base  0xfbffc000 IOMMU 0
[    0.118315] DMAR-IR: IOAPIC id 1 under DRHD base  0xd7ffc000 IOMMU 1
[    0.118318] DMAR-IR: IOAPIC id 2 under DRHD base  0xd7ffc000 IOMMU 1
[    0.118321] DMAR-IR: HPET id 0 under DRHD base 0xd7ffc000
[    0.118324] DMAR-IR: x2apic is disabled because BIOS sets x2apic opt out bit.
[    0.118326] DMAR-IR: Use 'intremap=no_x2apic_optout' to override the BIOS setting.
[    0.119202] DMAR-IR: Enabled IRQ remapping in xapic mode
[    0.119205] x2apic: IRQ remapping doesn't support X2APIC mode
[    0.119210] Switched APIC routing to physical flat.
[    0.119843] ..TIMER: vector=0x30 apic1=0 pin1=2 apic2=-1 pin2=-1
[    0.159533] TSC deadline timer enabled
[    0.159540] smpboot: CPU0: Intel(R) Xeon(R) CPU E5-2650 v4 @ 2.20GHz (family: 0x6, model: 0x4f, stepping: 0x1)
[    0.159561] Performance Events: PEBS fmt2+, 16-deep LBR, Broadwell events, full-width counters, Intel PMU driver.
[    0.159585] ... version:                3
[    0.159588] ... bit width:              48
[    0.159591] ... generic registers:      4
[    0.159593] ... value mask:             0000ffffffffffff
[    0.159596] ... max period:             0000ffffffffffff
[    0.159599] ... fixed-purpose events:   3
[    0.159601] ... event mask:             000000070000000f
[    0.160918] x86: Booting SMP configuration:
[    0.160921] .... node  #0, CPUs:        #1
[    0.166719] NMI watchdog: enabled on all CPUs, permanently consumes one hw-PMU counter.
[    0.166815]   #2  #3  #4  #5  #6  #7  #8  #9 #10 #11
[    0.208451] .... node  #1, CPUs:   #12 #13 #14 #15 #16 #17 #18 #19 #20 #21 #22 #23
[    0.354395] .... node  #0, CPUs:   #24 #25 #26 #27 #28 #29 #30 #31 #32 #33 #34 #35
[    0.404750] .... node  #1, CPUs:   #36 #37 #38 #39 #40 #41 #42 #43 #44 #45 #46 #47
[    0.454838] x86: Booted up 2 nodes, 48 CPUs
[    0.454845] smpboot: Total of 48 processors activated (211241.08 BogoMIPS)
[    0.583943] devtmpfs: initialized
[    0.584010] Using 2GB memory block size for large-memory system
[    0.586276] evm: security.selinux
[    0.586279] evm: security.SMACK64
[    0.586281] evm: security.SMACK64EXEC
[    0.586284] evm: security.SMACK64TRANSMUTE
[    0.586286] evm: security.SMACK64MMAP
[    0.586289] evm: security.ima
[    0.586291] evm: security.capability
[    0.586419] PM: Registering ACPI NVS region [mem 0x7948e000-0x79d43fff] (9134080 bytes)
[    0.586940] clocksource: jiffies: mask: 0xffffffff max_cycles: 0xffffffff, max_idle_ns: 7645041785100000 ns
[    0.587330] pinctrl core: initialized pinctrl subsystem
[    0.587478] RTC time:  2:57:43, date: 01/10/18
[    0.588414] NET: Registered protocol family 16
[    0.627004] cpuidle: using governor ladder
[    0.643015] cpuidle: using governor menu
[    0.643054] PCCT header not found.
[    0.643246] ACPI: bus type PCI registered
[    0.643251] acpiphp: ACPI Hot Plug PCI Controller Driver version: 0.5
[    0.643364] PCI: MMCONFIG for domain 0000 [bus 00-ff] at [mem 0x80000000-0x8fffffff] (base 0x80000000)
[    0.643370] PCI: MMCONFIG at [mem 0x80000000-0x8fffffff] reserved in E820
[    0.643390] PCI: Using configuration type 1 for base access
[    0.660093] ACPI: Added _OSI(Module Device)
[    0.660098] ACPI: Added _OSI(Processor Device)
[    0.660100] ACPI: Added _OSI(3.0 _SCP Extensions)
[    0.660103] ACPI: Added _OSI(Processor Aggregator Device)
[    0.685324] [Firmware Bug]: ACPI: BIOS _OSI(Linux) query ignored
[    0.733896] ACPI: Dynamic OEM Table Load:
[    0.733902] ACPI: PRAD 0x0000000000000000 000102 (v02 SUPERM SMCI--MB 00000002 INTL 20120913)
[    0.757680] ACPI: Interpreter enabled
[    0.757689] ACPI Exception: AE_NOT_FOUND, While evaluating Sleep State [\_S1_] (20150930/hwxface-580)
[    0.757696] ACPI Exception: AE_NOT_FOUND, While evaluating Sleep State [\_S2_] (20150930/hwxface-580)
[    0.757713] ACPI: (supports S0 S3 S4 S5)
[    0.757716] ACPI: Using IOAPIC for interrupt routing
[    0.757740] HEST: Enabling Firmware First mode for corrected errors.
[    0.758205] HEST: Table parsing has been initialized.
[    0.758210] PCI: Using host bridge windows from ACPI; if necessary, use "pci=nocrs" and report a bug
[    0.795690] ACPI: PCI Root Bridge [UNC1] (domain 0000 [bus ff])
[    0.795698] acpi PNP0A03:02: _OSC: OS supports [ExtendedConfig ASPM ClockPM Segments MSI]
[    2.926790] acpi PNP0A03:02: _OSC: platform does not support [PCIeHotplug AER]
[    4.935824] acpi PNP0A03:02: _OSC: OS now controls [PME PCIeCapability]
[    4.935907] PCI host bridge to bus 0000:ff
[    4.935914] pci_bus 0000:ff: root bus resource [bus ff]
[    4.935935] pci 0000:ff:08.0: [8086:6f80] type 00 class 0x088000
[    4.936032] pci 0000:ff:08.2: [8086:6f32] type 00 class 0x110100
[    4.936114] pci 0000:ff:08.3: [8086:6f83] type 00 class 0x088000
[    4.936211] pci 0000:ff:09.0: [8086:6f90] type 00 class 0x088000
[    4.936259] pci 0000:ff:09.2: [8086:6f33] type 00 class 0x110100
[    4.936306] pci 0000:ff:09.3: [8086:6f93] type 00 class 0x088000
[    4.936362] pci 0000:ff:0b.0: [8086:6f81] type 00 class 0x088000
[    4.936407] pci 0000:ff:0b.1: [8086:6f36] type 00 class 0x110100
[    4.936451] pci 0000:ff:0b.2: [8086:6f37] type 00 class 0x110100
[    4.936496] pci 0000:ff:0b.3: [8086:6f76] type 00 class 0x088000
[    4.936543] pci 0000:ff:0c.0: [8086:6fe0] type 00 class 0x088000
[    4.936588] pci 0000:ff:0c.1: [8086:6fe1] type 00 class 0x088000
[    4.936632] pci 0000:ff:0c.2: [8086:6fe2] type 00 class 0x088000
[    4.936676] pci 0000:ff:0c.3: [8086:6fe3] type 00 class 0x088000
[    4.936720] pci 0000:ff:0c.4: [8086:6fe4] type 00 class 0x088000
[    4.936764] pci 0000:ff:0c.5: [8086:6fe5] type 00 class 0x088000
[    4.936809] pci 0000:ff:0c.6: [8086:6fe6] type 00 class 0x088000
[    4.936853] pci 0000:ff:0c.7: [8086:6fe7] type 00 class 0x088000
[    4.936899] pci 0000:ff:0d.0: [8086:6fe8] type 00 class 0x088000
[    4.936944] pci 0000:ff:0d.1: [8086:6fe9] type 00 class 0x088000
[    4.936989] pci 0000:ff:0d.2: [8086:6fea] type 00 class 0x088000
[    4.937032] pci 0000:ff:0d.3: [8086:6feb] type 00 class 0x088000
[    4.937081] pci 0000:ff:0f.0: [8086:6ff8] type 00 class 0x088000
[    4.937126] pci 0000:ff:0f.1: [8086:6ff9] type 00 class 0x088000
[    4.937172] pci 0000:ff:0f.2: [8086:6ffa] type 00 class 0x088000
[    4.937216] pci 0000:ff:0f.3: [8086:6ffb] type 00 class 0x088000
[    4.937261] pci 0000:ff:0f.4: [8086:6ffc] type 00 class 0x088000
[    4.937307] pci 0000:ff:0f.5: [8086:6ffd] type 00 class 0x088000
[    4.937353] pci 0000:ff:0f.6: [8086:6ffe] type 00 class 0x088000
[    4.937399] pci 0000:ff:10.0: [8086:6f1d] type 00 class 0x088000
[    4.937444] pci 0000:ff:10.1: [8086:6f34] type 00 class 0x110100
[    4.937490] pci 0000:ff:10.5: [8086:6f1e] type 00 class 0x088000
[    4.937533] pci 0000:ff:10.6: [8086:6f7d] type 00 class 0x110100
[    4.937577] pci 0000:ff:10.7: [8086:6f1f] type 00 class 0x088000
[    4.937621] pci 0000:ff:12.0: [8086:6fa0] type 00 class 0x088000
[    4.937654] pci 0000:ff:12.1: [8086:6f30] type 00 class 0x110100
[    4.937704] pci 0000:ff:12.4: [8086:6f60] type 00 class 0x088000
[    4.937713] pci 0000:ff:12.4: reg 0x14: [mem 0x00000000-0x0000000f]
[    4.937718] pci 0000:ff:12.4: reg 0x18: [mem 0x00000000-0x0000003f]
[    4.937722] pci 0000:ff:12.4: reg 0x1c: [mem 0x00000000-0x0000000f]
[    4.937727] pci 0000:ff:12.4: reg 0x20: [mem 0x00000000-0x0000003f]
[    4.937731] pci 0000:ff:12.4: reg 0x24: [mem 0x00000000-0x0000000f]
[    4.937763] pci 0000:ff:12.5: [8086:6f38] type 00 class 0x110100
[    4.937816] pci 0000:ff:13.0: [8086:6fa8] type 00 class 0x088000
[    4.937898] pci 0000:ff:13.1: [8086:6f71] type 00 class 0x088000
[    4.937980] pci 0000:ff:13.2: [8086:6faa] type 00 class 0x088000
[    4.938061] pci 0000:ff:13.3: [8086:6fab] type 00 class 0x088000
[    4.938142] pci 0000:ff:13.6: [8086:6fae] type 00 class 0x088000
[    4.938215] pci 0000:ff:13.7: [8086:6faf] type 00 class 0x088000
[    4.938288] pci 0000:ff:14.0: [8086:6fb0] type 00 class 0x088000
[    4.938370] pci 0000:ff:14.1: [8086:6fb1] type 00 class 0x088000
[    4.938453] pci 0000:ff:14.2: [8086:6fb2] type 00 class 0x088000
[    4.938535] pci 0000:ff:14.3: [8086:6fb3] type 00 class 0x088000
[    4.938616] pci 0000:ff:14.4: [8086:6fbc] type 00 class 0x088000
[    4.938688] pci 0000:ff:14.5: [8086:6fbd] type 00 class 0x088000
[    4.938760] pci 0000:ff:14.6: [8086:6fbe] type 00 class 0x088000
[    4.938833] pci 0000:ff:14.7: [8086:6fbf] type 00 class 0x088000
[    4.938907] pci 0000:ff:16.0: [8086:6f68] type 00 class 0x088000
[    4.938994] pci 0000:ff:16.1: [8086:6f79] type 00 class 0x088000
[    4.939077] pci 0000:ff:16.2: [8086:6f6a] type 00 class 0x088000
[    4.939160] pci 0000:ff:16.3: [8086:6f6b] type 00 class 0x088000
[    4.939244] pci 0000:ff:16.6: [8086:6f6e] type 00 class 0x088000
[    4.939316] pci 0000:ff:16.7: [8086:6f6f] type 00 class 0x088000
[    4.939389] pci 0000:ff:17.0: [8086:6fd0] type 00 class 0x088000
[    4.939477] pci 0000:ff:17.1: [8086:6fd1] type 00 class 0x088000
[    4.939561] pci 0000:ff:17.2: [8086:6fd2] type 00 class 0x088000
[    4.939645] pci 0000:ff:17.3: [8086:6fd3] type 00 class 0x088000
[    4.939729] pci 0000:ff:17.4: [8086:6fb8] type 00 class 0x088000
[    4.939791] pci 0000:ff:17.5: [8086:6fb9] type 00 class 0x088000
[    4.939841] pci 0000:ff:17.6: [8086:6fba] type 00 class 0x088000
[    4.939891] pci 0000:ff:17.7: [8086:6fbb] type 00 class 0x088000
[    4.939953] pci 0000:ff:1e.0: [8086:6f98] type 00 class 0x088000
[    4.940001] pci 0000:ff:1e.1: [8086:6f99] type 00 class 0x088000
[    4.940049] pci 0000:ff:1e.2: [8086:6f9a] type 00 class 0x088000
[    4.940096] pci 0000:ff:1e.3: [8086:6fc0] type 00 class 0x088000
[    4.940130] pci 0000:ff:1e.4: [8086:6f9c] type 00 class 0x088000
[    4.940186] pci 0000:ff:1f.0: [8086:6f88] type 00 class 0x088000
[    4.940236] pci 0000:ff:1f.2: [8086:6f8a] type 00 class 0x088000
[    4.940367] ACPI: PCI Root Bridge [UNC0] (domain 0000 [bus 7f])
[    4.940373] acpi PNP0A03:03: _OSC: OS supports [ExtendedConfig ASPM ClockPM Segments MSI]
[    6.948842] acpi PNP0A03:03: _OSC: platform does not support [PCIeHotplug AER]
[    8.957869] acpi PNP0A03:03: _OSC: OS now controls [PME PCIeCapability]
[    8.957950] PCI host bridge to bus 0000:7f
[    8.957954] pci_bus 0000:7f: root bus resource [bus 7f]
[    8.957965] pci 0000:7f:08.0: [8086:6f80] type 00 class 0x088000
[    8.958020] pci 0000:7f:08.2: [8086:6f32] type 00 class 0x110100
[    8.958074] pci 0000:7f:08.3: [8086:6f83] type 00 class 0x088000
[    8.958136] pci 0000:7f:09.0: [8086:6f90] type 00 class 0x088000
[    8.958187] pci 0000:7f:09.2: [8086:6f33] type 00 class 0x110100
[    8.958237] pci 0000:7f:09.3: [8086:6f93] type 00 class 0x088000
[    8.958300] pci 0000:7f:0b.0: [8086:6f81] type 00 class 0x088000
[    8.958351] pci 0000:7f:0b.1: [8086:6f36] type 00 class 0x110100
[    8.958399] pci 0000:7f:0b.2: [8086:6f37] type 00 class 0x110100
[    8.958446] pci 0000:7f:0b.3: [8086:6f76] type 00 class 0x088000
[    8.958497] pci 0000:7f:0c.0: [8086:6fe0] type 00 class 0x088000
[    8.958544] pci 0000:7f:0c.1: [8086:6fe1] type 00 class 0x088000
[    8.958591] pci 0000:7f:0c.2: [8086:6fe2] type 00 class 0x088000
[    8.958638] pci 0000:7f:0c.3: [8086:6fe3] type 00 class 0x088000
[    8.958685] pci 0000:7f:0c.4: [8086:6fe4] type 00 class 0x088000
[    8.958731] pci 0000:7f:0c.5: [8086:6fe5] type 00 class 0x088000
[    8.958779] pci 0000:7f:0c.6: [8086:6fe6] type 00 class 0x088000
[    8.958825] pci 0000:7f:0c.7: [8086:6fe7] type 00 class 0x088000
[    8.958874] pci 0000:7f:0d.0: [8086:6fe8] type 00 class 0x088000
[    8.958921] pci 0000:7f:0d.1: [8086:6fe9] type 00 class 0x088000
[    8.958968] pci 0000:7f:0d.2: [8086:6fea] type 00 class 0x088000
[    8.959014] pci 0000:7f:0d.3: [8086:6feb] type 00 class 0x088000
[    8.959065] pci 0000:7f:0f.0: [8086:6ff8] type 00 class 0x088000
[    8.959111] pci 0000:7f:0f.1: [8086:6ff9] type 00 class 0x088000
[    8.959159] pci 0000:7f:0f.2: [8086:6ffa] type 00 class 0x088000
[    8.959206] pci 0000:7f:0f.3: [8086:6ffb] type 00 class 0x088000
[    8.959256] pci 0000:7f:0f.4: [8086:6ffc] type 00 class 0x088000
[    8.959305] pci 0000:7f:0f.5: [8086:6ffd] type 00 class 0x088000
[    8.959354] pci 0000:7f:0f.6: [8086:6ffe] type 00 class 0x088000
[    8.959403] pci 0000:7f:10.0: [8086:6f1d] type 00 class 0x088000
[    8.959450] pci 0000:7f:10.1: [8086:6f34] type 00 class 0x110100
[    8.959500] pci 0000:7f:10.5: [8086:6f1e] type 00 class 0x088000
[    8.959546] pci 0000:7f:10.6: [8086:6f7d] type 00 class 0x110100
[    8.959595] pci 0000:7f:10.7: [8086:6f1f] type 00 class 0x088000
[    8.959644] pci 0000:7f:12.0: [8086:6fa0] type 00 class 0x088000
[    8.959676] pci 0000:7f:12.1: [8086:6f30] type 00 class 0x110100
[    8.959730] pci 0000:7f:12.4: [8086:6f60] type 00 class 0x088000
[    8.959740] pci 0000:7f:12.4: reg 0x14: [mem 0x00000000-0x0000000f]
[    8.959745] pci 0000:7f:12.4: reg 0x18: [mem 0x00000000-0x0000003f]
[    8.959750] pci 0000:7f:12.4: reg 0x1c: [mem 0x00000000-0x0000000f]
[    8.959754] pci 0000:7f:12.4: reg 0x20: [mem 0x00000000-0x0000003f]
[    8.959759] pci 0000:7f:12.4: reg 0x24: [mem 0x00000000-0x0000000f]
[    8.959791] pci 0000:7f:12.5: [8086:6f38] type 00 class 0x110100
[    8.959850] pci 0000:7f:13.0: [8086:6fa8] type 00 class 0x088000
[    8.959936] pci 0000:7f:13.1: [8086:6f71] type 00 class 0x088000
[    8.960022] pci 0000:7f:13.2: [8086:6faa] type 00 class 0x088000
[    8.960107] pci 0000:7f:13.3: [8086:6fab] type 00 class 0x088000
[    8.960177] pci 0000:7f:13.6: [8086:6fae] type 00 class 0x088000
[    8.960227] pci 0000:7f:13.7: [8086:6faf] type 00 class 0x088000
[    8.960280] pci 0000:7f:14.0: [8086:6fb0] type 00 class 0x088000
[    8.960343] pci 0000:7f:14.1: [8086:6fb1] type 00 class 0x088000
[    8.960405] pci 0000:7f:14.2: [8086:6fb2] type 00 class 0x088000
[    8.960468] pci 0000:7f:14.3: [8086:6fb3] type 00 class 0x088000
[    8.960529] pci 0000:7f:14.4: [8086:6fbc] type 00 class 0x088000
[    8.960579] pci 0000:7f:14.5: [8086:6fbd] type 00 class 0x088000
[    8.960632] pci 0000:7f:14.6: [8086:6fbe] type 00 class 0x088000
[    8.960683] pci 0000:7f:14.7: [8086:6fbf] type 00 class 0x088000
[    8.960737] pci 0000:7f:16.0: [8086:6f68] type 00 class 0x088000
[    8.960827] pci 0000:7f:16.1: [8086:6f79] type 00 class 0x088000
[    8.960916] pci 0000:7f:16.2: [8086:6f6a] type 00 class 0x088000
[    8.961005] pci 0000:7f:16.3: [8086:6f6b] type 00 class 0x088000
[    8.961094] pci 0000:7f:16.6: [8086:6f6e] type 00 class 0x088000
[    8.961171] pci 0000:7f:16.7: [8086:6f6f] type 00 class 0x088000
[    8.961233] pci 0000:7f:17.0: [8086:6fd0] type 00 class 0x088000
[    8.961323] pci 0000:7f:17.1: [8086:6fd1] type 00 class 0x088000
[    8.961394] pci 0000:7f:17.2: [8086:6fd2] type 00 class 0x088000
[    8.961459] pci 0000:7f:17.3: [8086:6fd3] type 00 class 0x088000
[    8.961522] pci 0000:7f:17.4: [8086:6fb8] type 00 class 0x088000
[    8.961575] pci 0000:7f:17.5: [8086:6fb9] type 00 class 0x088000
[    8.961628] pci 0000:7f:17.6: [8086:6fba] type 00 class 0x088000
[    8.961681] pci 0000:7f:17.7: [8086:6fbb] type 00 class 0x088000
[    8.961745] pci 0000:7f:1e.0: [8086:6f98] type 00 class 0x088000
[    8.961795] pci 0000:7f:1e.1: [8086:6f99] type 00 class 0x088000
[    8.961854] pci 0000:7f:1e.2: [8086:6f9a] type 00 class 0x088000
[    8.961907] pci 0000:7f:1e.3: [8086:6fc0] type 00 class 0x088000
[    8.961942] pci 0000:7f:1e.4: [8086:6f9c] type 00 class 0x088000
[    8.962001] pci 0000:7f:1f.0: [8086:6f88] type 00 class 0x088000
[    8.962054] pci 0000:7f:1f.2: [8086:6f8a] type 00 class 0x088000
[    8.972622] ACPI: PCI Root Bridge [PCI0] (domain 0000 [bus 00-7e])
[    8.972629] acpi PNP0A08:00: _OSC: OS supports [ExtendedConfig ASPM ClockPM Segments MSI]
[   10.983048] acpi PNP0A08:00: _OSC: platform does not support [PCIeHotplug AER]
[   12.992216] acpi PNP0A08:00: _OSC: OS now controls [PME PCIeCapability]
[   12.992517] PCI host bridge to bus 0000:00
[   12.992522] pci_bus 0000:00: root bus resource [io  0x0000-0x0cf7 window]
[   12.992526] pci_bus 0000:00: root bus resource [io  0x1000-0x7fff window]
[   12.992529] pci_bus 0000:00: root bus resource [mem 0x000a0000-0x000bffff window]
[   12.992534] pci_bus 0000:00: root bus resource [mem 0xfedb0000-0xfedb000f window]
[   12.992539] pci_bus 0000:00: root bus resource [mem 0xfedc0000-0xfedc000f window]
[   12.992544] pci_bus 0000:00: root bus resource [mem 0x90000000-0xd7ffbfff window]
[   12.992549] pci_bus 0000:00: root bus resource [mem 0x380000000000-0x383fffffffff window]
[   12.992554] pci_bus 0000:00: root bus resource [bus 00-7e]
[   12.992564] pci 0000:00:00.0: [8086:6f00] type 00 class 0x060000
[   12.992705] pci 0000:00:01.0: [8086:6f02] type 01 class 0x060400
[   12.992758] pci 0000:00:01.0: PME# supported from D0 D3hot D3cold
[   12.992828] pci 0000:00:01.0: System wakeup disabled by ACPI
[   12.992864] pci 0000:00:02.0: [8086:6f04] type 01 class 0x060400
[   12.992916] pci 0000:00:02.0: PME# supported from D0 D3hot D3cold
[   12.992984] pci 0000:00:02.0: System wakeup disabled by ACPI
[   12.993019] pci 0000:00:03.0: [8086:6f08] type 01 class 0x060400
[   12.993071] pci 0000:00:03.0: PME# supported from D0 D3hot D3cold
[   12.993140] pci 0000:00:03.0: System wakeup disabled by ACPI
[   12.993174] pci 0000:00:04.0: [8086:6f20] type 00 class 0x088000
[   12.993191] pci 0000:00:04.0: reg 0x10: [mem 0x383ffff20000-0x383ffff23fff 64bit]
[   12.993311] pci 0000:00:04.1: [8086:6f21] type 00 class 0x088000
[   12.993327] pci 0000:00:04.1: reg 0x10: [mem 0x383ffff1c000-0x383ffff1ffff 64bit]
[   12.993445] pci 0000:00:04.2: [8086:6f22] type 00 class 0x088000
[   12.993462] pci 0000:00:04.2: reg 0x10: [mem 0x383ffff18000-0x383ffff1bfff 64bit]
[   12.993579] pci 0000:00:04.3: [8086:6f23] type 00 class 0x088000
[   12.993596] pci 0000:00:04.3: reg 0x10: [mem 0x383ffff14000-0x383ffff17fff 64bit]
[   12.993714] pci 0000:00:04.4: [8086:6f24] type 00 class 0x088000
[   12.993730] pci 0000:00:04.4: reg 0x10: [mem 0x383ffff10000-0x383ffff13fff 64bit]
[   12.993848] pci 0000:00:04.5: [8086:6f25] type 00 class 0x088000
[   12.993865] pci 0000:00:04.5: reg 0x10: [mem 0x383ffff0c000-0x383ffff0ffff 64bit]
[   12.993983] pci 0000:00:04.6: [8086:6f26] type 00 class 0x088000
[   12.993999] pci 0000:00:04.6: reg 0x10: [mem 0x383ffff08000-0x383ffff0bfff 64bit]
[   12.994117] pci 0000:00:04.7: [8086:6f27] type 00 class 0x088000
[   12.994134] pci 0000:00:04.7: reg 0x10: [mem 0x383ffff04000-0x383ffff07fff 64bit]
[   12.994250] pci 0000:00:05.0: [8086:6f28] type 00 class 0x088000
[   12.994365] pci 0000:00:05.1: [8086:6f29] type 00 class 0x088000
[   12.994495] pci 0000:00:05.2: [8086:6f2a] type 00 class 0x088000
[   12.994610] pci 0000:00:05.4: [8086:6f2c] type 00 class 0x080020
[   12.994623] pci 0000:00:05.4: reg 0x10: [mem 0xce117000-0xce117fff]
[   12.994753] pci 0000:00:11.0: [8086:8d7c] type 00 class 0xff0000
[   12.994944] pci 0000:00:11.4: [8086:8d62] type 00 class 0x010601
[   12.994970] pci 0000:00:11.4: reg 0x10: [io  0x7110-0x7117]
[   12.994979] pci 0000:00:11.4: reg 0x14: [io  0x7100-0x7103]
[   12.994987] pci 0000:00:11.4: reg 0x18: [io  0x70f0-0x70f7]
[   12.994996] pci 0000:00:11.4: reg 0x1c: [io  0x70e0-0x70e3]
[   12.995004] pci 0000:00:11.4: reg 0x20: [io  0x7020-0x703f]
[   12.995013] pci 0000:00:11.4: reg 0x24: [mem 0xce116000-0xce1167ff]
[   12.995047] pci 0000:00:11.4: PME# supported from D3hot
[   12.995148] pci 0000:00:14.0: [8086:8d31] type 00 class 0x0c0330
[   12.995175] pci 0000:00:14.0: reg 0x10: [mem 0xce100000-0xce10ffff 64bit]
[   12.995229] pci 0000:00:14.0: PME# supported from D3hot D3cold
[   12.995302] pci 0000:00:14.0: System wakeup disabled by ACPI
[   12.995340] pci 0000:00:16.0: [8086:8d3a] type 00 class 0x078000
[   12.995368] pci 0000:00:16.0: reg 0x10: [mem 0xce115000-0xce11500f 64bit]
[   12.995424] pci 0000:00:16.0: PME# supported from D0 D3hot D3cold
[   12.995514] pci 0000:00:16.1: [8086:8d3b] type 00 class 0x078000
[   12.995542] pci 0000:00:16.1: reg 0x10: [mem 0xce114000-0xce11400f 64bit]
[   12.995596] pci 0000:00:16.1: PME# supported from D0 D3hot D3cold
[   12.995699] pci 0000:00:1a.0: [8086:8d2d] type 00 class 0x0c0320
[   12.995728] pci 0000:00:1a.0: reg 0x10: [mem 0xce112000-0xce1123ff]
[   12.995803] pci 0000:00:1a.0: PME# supported from D0 D3hot D3cold
[   12.995875] pci 0000:00:1a.0: System wakeup disabled by ACPI
[   12.995914] pci 0000:00:1b.0: [8086:8d20] type 00 class 0x040300
[   12.995941] pci 0000:00:1b.0: reg 0x10: [mem 0x383ffff00000-0x383ffff03fff 64bit]
[   12.996004] pci 0000:00:1b.0: PME# supported from D0 D3hot D3cold
[   12.996100] pci 0000:00:1c.0: [8086:8d10] type 01 class 0x060400
[   12.996173] pci 0000:00:1c.0: PME# supported from D0 D3hot D3cold
[   12.996237] pci 0000:00:1c.0: System wakeup disabled by ACPI
[   12.996278] pci 0000:00:1c.3: [8086:8d16] type 01 class 0x060400
[   12.996346] pci 0000:00:1c.3: PME# supported from D0 D3hot D3cold
[   12.996409] pci 0000:00:1c.3: System wakeup disabled by ACPI
[   12.996447] pci 0000:00:1c.4: [8086:8d18] type 01 class 0x060400
[   12.996522] pci 0000:00:1c.4: PME# supported from D0 D3hot D3cold
[   12.996585] pci 0000:00:1c.4: System wakeup disabled by ACPI
[   12.996628] pci 0000:00:1d.0: [8086:8d26] type 00 class 0x0c0320
[   12.996657] pci 0000:00:1d.0: reg 0x10: [mem 0xce111000-0xce1113ff]
[   12.996732] pci 0000:00:1d.0: PME# supported from D0 D3hot D3cold
[   12.996807] pci 0000:00:1d.0: System wakeup disabled by ACPI
[   12.996848] pci 0000:00:1f.0: [8086:8d44] type 00 class 0x060100
[   12.997036] pci 0000:00:1f.2: [8086:8d02] type 00 class 0x010601
[   12.997059] pci 0000:00:1f.2: reg 0x10: [io  0x7070-0x7077]
[   12.997066] pci 0000:00:1f.2: reg 0x14: [io  0x7060-0x7063]
[   12.997074] pci 0000:00:1f.2: reg 0x18: [io  0x7050-0x7057]
[   12.997081] pci 0000:00:1f.2: reg 0x1c: [io  0x7040-0x7043]
[   12.997089] pci 0000:00:1f.2: reg 0x20: [io  0x7000-0x701f]
[   12.997096] pci 0000:00:1f.2: reg 0x24: [mem 0xce110000-0xce1107ff]
[   12.997126] pci 0000:00:1f.2: PME# supported from D3hot
[   12.997213] pci 0000:00:1f.3: [8086:8d22] type 00 class 0x0c0500
[   12.997230] pci 0000:00:1f.3: reg 0x10: [mem 0x383ffff25000-0x383ffff250ff 64bit]
[   12.997251] pci 0000:00:1f.3: reg 0x20: [io  0x0580-0x059f]
[   12.997518] acpiphp: Slot [11] registered
[   12.997543] pci 0000:00:01.0: PCI bridge to [bus 01]
[   12.997727] pci 0000:02:00.0: [10de:1b06] type 00 class 0x030000
[   12.997743] pci 0000:02:00.0: reg 0x10: [mem 0xd3000000-0xd3ffffff]
[   12.997750] pci 0000:02:00.0: reg 0x14: [mem 0x383fe0000000-0x383fefffffff 64bit pref]
[   12.997758] pci 0000:02:00.0: reg 0x1c: [mem 0x383ff0000000-0x383ff1ffffff 64bit pref]
[   12.997763] pci 0000:02:00.0: reg 0x24: [io  0x6000-0x607f]
[   12.997767] pci 0000:02:00.0: reg 0x30: [mem 0xd4000000-0xd407ffff pref]
[   12.997865] pci 0000:02:00.1: [10de:10ef] type 00 class 0x040300
[   12.997881] pci 0000:02:00.1: reg 0x10: [mem 0xd4080000-0xd4083fff]
[   13.008171] pci 0000:00:02.0: PCI bridge to [bus 02]
[   13.008179] pci 0000:00:02.0:   bridge window [io  0x6000-0x6fff]
[   13.008183] pci 0000:00:02.0:   bridge window [mem 0xd3000000-0xd40fffff]
[   13.008190] pci 0000:00:02.0:   bridge window [mem 0x383fe0000000-0x383ff1ffffff 64bit pref]
[   13.008497] pci 0000:03:00.0: [10de:1b06] type 00 class 0x030000
[   13.008512] pci 0000:03:00.0: reg 0x10: [mem 0xd1000000-0xd1ffffff]
[   13.008520] pci 0000:03:00.0: reg 0x14: [mem 0x383fc0000000-0x383fcfffffff 64bit pref]
[   13.008528] pci 0000:03:00.0: reg 0x1c: [mem 0x383fd0000000-0x383fd1ffffff 64bit pref]
[   13.008532] pci 0000:03:00.0: reg 0x24: [io  0x5000-0x507f]
[   13.008537] pci 0000:03:00.0: reg 0x30: [mem 0xd2000000-0xd207ffff pref]
[   13.008632] pci 0000:03:00.1: [10de:10ef] type 00 class 0x040300
[   13.008649] pci 0000:03:00.1: reg 0x10: [mem 0xd2080000-0xd2083fff]
[   13.016187] pci 0000:00:03.0: PCI bridge to [bus 03]
[   13.016192] pci 0000:00:03.0:   bridge window [io  0x5000-0x5fff]
[   13.016195] pci 0000:00:03.0:   bridge window [mem 0xd1000000-0xd20fffff]
[   13.016200] pci 0000:00:03.0:   bridge window [mem 0x383fc0000000-0x383fd1ffffff 64bit pref]
[   13.016250] pci 0000:00:1c.0: PCI bridge to [bus 04]
[   13.016330] pci 0000:05:00.0: [1a03:1150] type 01 class 0x060400
[   13.016460] pci 0000:05:00.0: supports D1 D2
[   13.016462] pci 0000:05:00.0: PME# supported from D0 D1 D2 D3hot D3cold
[   13.016528] pci 0000:05:00.0: disabling ASPM on pre-1.1 PCIe device.  You can enable it with 'pcie_aspm=force'
[   13.016541] pci 0000:00:1c.3: PCI bridge to [bus 05-06]
[   13.016546] pci 0000:00:1c.3:   bridge window [io  0x4000-0x4fff]
[   13.016549] pci 0000:00:1c.3:   bridge window [mem 0xcf000000-0xd00fffff]
[   13.016628] pci 0000:06:00.0: [1a03:2000] type 00 class 0x030000
[   13.016672] pci 0000:06:00.0: reg 0x10: [mem 0xcf000000-0xcfffffff]
[   13.016686] pci 0000:06:00.0: reg 0x14: [mem 0xd0000000-0xd001ffff]
[   13.016701] pci 0000:06:00.0: reg 0x18: [io  0x4000-0x407f]
[   13.016791] pci 0000:06:00.0: supports D1 D2
[   13.016792] pci 0000:06:00.0: PME# supported from D0 D1 D2 D3hot D3cold
[   13.016895] pci 0000:05:00.0: PCI bridge to [bus 06]
[   13.016906] pci 0000:05:00.0:   bridge window [io  0x4000-0x4fff]
[   13.016910] pci 0000:05:00.0:   bridge window [mem 0xcf000000-0xd00fffff]
[   13.016993] pci 0000:00:1c.4: PCI bridge to [bus 07-3f]
[   13.017000] pci 0000:00:1c.4:   bridge window [mem 0xb8000000-0xce0fffff]
[   13.017006] pci 0000:00:1c.4:   bridge window [mem 0x90000000-0xb1ffffff 64bit pref]
[   13.017036] pci_bus 0000:00: on NUMA node 0
[   13.017893] ACPI: PCI Root Bridge [PCI1] (domain 0000 [bus 80-fe])
[   13.017901] acpi PNP0A08:01: _OSC: OS supports [ExtendedConfig ASPM ClockPM Segments MSI]
[   15.029189] acpi PNP0A08:01: _OSC: platform does not support [PCIeHotplug AER]
[   17.038140] acpi PNP0A08:01: _OSC: OS now controls [PME PCIeCapability]
[   17.038361] PCI host bridge to bus 0000:80
[   17.038366] pci_bus 0000:80: root bus resource [io  0x8000-0xffff window]
[   17.038369] pci_bus 0000:80: root bus resource [mem 0xd8000000-0xfbffbfff window]
[   17.038374] pci_bus 0000:80: root bus resource [mem 0x384000000000-0x387fffffffff window]
[   17.038380] pci_bus 0000:80: root bus resource [bus 80-fe]
[   17.038391] pci 0000:80:00.0: [8086:6f01] type 01 class 0x060400
[   17.038438] pci 0000:80:00.0: PME# supported from D0 D3hot D3cold
[   17.038480] pci 0000:80:00.0: System wakeup disabled by ACPI
[   17.038520] pci 0000:80:02.0: [8086:6f04] type 01 class 0x060400
[   17.038566] pci 0000:80:02.0: PME# supported from D0 D3hot D3cold
[   17.038605] pci 0000:80:02.0: System wakeup disabled by ACPI
[   17.038640] pci 0000:80:03.0: [8086:6f08] type 01 class 0x060400
[   17.038686] pci 0000:80:03.0: PME# supported from D0 D3hot D3cold
[   17.038725] pci 0000:80:03.0: System wakeup disabled by ACPI
[   17.038760] pci 0000:80:04.0: [8086:6f20] type 00 class 0x088000
[   17.038775] pci 0000:80:04.0: reg 0x10: [mem 0x387ffff1c000-0x387ffff1ffff 64bit]
[   17.038863] pci 0000:80:04.1: [8086:6f21] type 00 class 0x088000
[   17.038878] pci 0000:80:04.1: reg 0x10: [mem 0x387ffff18000-0x387ffff1bfff 64bit]
[   17.038966] pci 0000:80:04.2: [8086:6f22] type 00 class 0x088000
[   17.038981] pci 0000:80:04.2: reg 0x10: [mem 0x387ffff14000-0x387ffff17fff 64bit]
[   17.039068] pci 0000:80:04.3: [8086:6f23] type 00 class 0x088000
[   17.039083] pci 0000:80:04.3: reg 0x10: [mem 0x387ffff10000-0x387ffff13fff 64bit]
[   17.039171] pci 0000:80:04.4: [8086:6f24] type 00 class 0x088000
[   17.039186] pci 0000:80:04.4: reg 0x10: [mem 0x387ffff0c000-0x387ffff0ffff 64bit]
[   17.039276] pci 0000:80:04.5: [8086:6f25] type 00 class 0x088000
[   17.039291] pci 0000:80:04.5: reg 0x10: [mem 0x387ffff08000-0x387ffff0bfff 64bit]
[   17.039378] pci 0000:80:04.6: [8086:6f26] type 00 class 0x088000
[   17.039393] pci 0000:80:04.6: reg 0x10: [mem 0x387ffff04000-0x387ffff07fff 64bit]
[   17.039479] pci 0000:80:04.7: [8086:6f27] type 00 class 0x088000
[   17.039494] pci 0000:80:04.7: reg 0x10: [mem 0x387ffff00000-0x387ffff03fff 64bit]
[   17.039580] pci 0000:80:05.0: [8086:6f28] type 00 class 0x088000
[   17.039665] pci 0000:80:05.1: [8086:6f29] type 00 class 0x088000
[   17.039763] pci 0000:80:05.2: [8086:6f2a] type 00 class 0x088000
[   17.039848] pci 0000:80:05.4: [8086:6f2c] type 00 class 0x080020
[   17.039859] pci 0000:80:05.4: reg 0x10: [mem 0xfb200000-0xfb200fff]
[   17.040977] pci 0000:81:00.0: [8086:1521] type 00 class 0x020000
[   17.041502] pci 0000:81:00.0: reg 0x10: [mem 0xfb120000-0xfb13ffff]
[   17.041796] pci 0000:81:00.0: reg 0x18: [io  0xf020-0xf03f]
[   17.041944] pci 0000:81:00.0: reg 0x1c: [mem 0xfb144000-0xfb147fff]
[   17.043436] pci 0000:81:00.0: PME# supported from D0 D3hot D3cold
[   17.044086] pci 0000:81:00.0: reg 0x184: [mem 0x00000000-0x00003fff 64bit pref]
[   17.044088] pci 0000:81:00.0: VF(n) BAR0 space: [mem 0x00000000-0x0001ffff 64bit pref] (contains BAR0 for 8 VFs)
[   17.044467] pci 0000:81:00.0: reg 0x190: [mem 0x00000000-0x00003fff 64bit pref]
[   17.044469] pci 0000:81:00.0: VF(n) BAR3 space: [mem 0x00000000-0x0001ffff 64bit pref] (contains BAR3 for 8 VFs)
[   17.045834] pci 0000:81:00.1: [8086:1521] type 00 class 0x020000
[   17.046360] pci 0000:81:00.1: reg 0x10: [mem 0xfb100000-0xfb11ffff]
[   17.046654] pci 0000:81:00.1: reg 0x18: [io  0xf000-0xf01f]
[   17.046801] pci 0000:81:00.1: reg 0x1c: [mem 0xfb140000-0xfb143fff]
[   17.048228] pci 0000:81:00.1: PME# supported from D0 D3hot D3cold
[   17.048812] pci 0000:81:00.1: reg 0x184: [mem 0x00000000-0x00003fff 64bit pref]
[   17.048813] pci 0000:81:00.1: VF(n) BAR0 space: [mem 0x00000000-0x0001ffff 64bit pref] (contains BAR0 for 8 VFs)
[   17.049194] pci 0000:81:00.1: reg 0x190: [mem 0x00000000-0x00003fff 64bit pref]
[   17.049195] pci 0000:81:00.1: VF(n) BAR3 space: [mem 0x00000000-0x0001ffff 64bit pref] (contains BAR3 for 8 VFs)
[   17.058227] pci 0000:80:00.0: PCI bridge to [bus 81]
[   17.058232] pci 0000:80:00.0:   bridge window [io  0xf000-0xffff]
[   17.058235] pci 0000:80:00.0:   bridge window [mem 0xfb100000-0xfb1fffff]
[   17.058419] pci 0000:82:00.0: [10de:1b06] type 00 class 0x030000
[   17.058434] pci 0000:82:00.0: reg 0x10: [mem 0xfa000000-0xfaffffff]
[   17.058441] pci 0000:82:00.0: reg 0x14: [mem 0x387fe0000000-0x387fefffffff 64bit pref]
[   17.058448] pci 0000:82:00.0: reg 0x1c: [mem 0x387ff0000000-0x387ff1ffffff 64bit pref]
[   17.058452] pci 0000:82:00.0: reg 0x24: [io  0xe000-0xe07f]
[   17.058457] pci 0000:82:00.0: reg 0x30: [mem 0xfb000000-0xfb07ffff pref]
[   17.058545] pci 0000:82:00.1: [10de:10ef] type 00 class 0x040300
[   17.058560] pci 0000:82:00.1: reg 0x10: [mem 0xfb080000-0xfb083fff]
[   17.066151] pci 0000:80:02.0: PCI bridge to [bus 82]
[   17.066156] pci 0000:80:02.0:   bridge window [io  0xe000-0xefff]
[   17.066159] pci 0000:80:02.0:   bridge window [mem 0xfa000000-0xfb0fffff]
[   17.066165] pci 0000:80:02.0:   bridge window [mem 0x387fe0000000-0x387ff1ffffff 64bit pref]
[   17.066349] pci 0000:83:00.0: [10de:1b06] type 00 class 0x030000
[   17.066364] pci 0000:83:00.0: reg 0x10: [mem 0xf8000000-0xf8ffffff]
[   17.066370] pci 0000:83:00.0: reg 0x14: [mem 0x387fc0000000-0x387fcfffffff 64bit pref]
[   17.066377] pci 0000:83:00.0: reg 0x1c: [mem 0x387fd0000000-0x387fd1ffffff 64bit pref]
[   17.066382] pci 0000:83:00.0: reg 0x24: [io  0xd000-0xd07f]
[   17.066386] pci 0000:83:00.0: reg 0x30: [mem 0xf9000000-0xf907ffff pref]
[   17.066474] pci 0000:83:00.1: [10de:10ef] type 00 class 0x040300
[   17.066489] pci 0000:83:00.1: reg 0x10: [mem 0xf9080000-0xf9083fff]
[   17.074140] pci 0000:80:03.0: PCI bridge to [bus 83]
[   17.074148] pci 0000:80:03.0:   bridge window [io  0xd000-0xdfff]
[   17.074152] pci 0000:80:03.0:   bridge window [mem 0xf8000000-0xf90fffff]
[   17.074158] pci 0000:80:03.0:   bridge window [mem 0x387fc0000000-0x387fd1ffffff 64bit pref]
[   17.074177] pci_bus 0000:80: on NUMA node 1
[   17.074591] ACPI: PCI Interrupt Link [LNKA] (IRQs 3 4 5 6 7 10 *11 12 14 15)
[   17.074642] ACPI: PCI Interrupt Link [LNKB] (IRQs 3 4 5 6 7 *10 11 12 14 15)
[   17.074690] ACPI: PCI Interrupt Link [LNKC] (IRQs 3 4 *5 6 10 11 12 14 15)
[   17.074737] ACPI: PCI Interrupt Link [LNKD] (IRQs 3 4 5 6 10 *11 12 14 15)
[   17.074784] ACPI: PCI Interrupt Link [LNKE] (IRQs 3 4 5 6 7 10 11 12 14 15) *0, disabled.
[   17.074833] ACPI: PCI Interrupt Link [LNKF] (IRQs 3 4 5 6 7 10 11 12 14 15) *0, disabled.
[   17.074883] ACPI: PCI Interrupt Link [LNKG] (IRQs 3 4 5 6 *7 10 11 12 14 15)
[   17.074930] ACPI: PCI Interrupt Link [LNKH] (IRQs 3 4 5 6 7 10 11 12 14 15) *0, disabled.
[   17.075051] ACPI: Enabled 3 GPEs in block 00 to 3F
[   17.075318] vgaarb: device added: PCI:0000:02:00.0,decodes=io+mem,owns=none,locks=none
[   17.075335] vgaarb: device added: PCI:0000:03:00.0,decodes=io+mem,owns=none,locks=none
[   17.075352] vgaarb: setting as boot device: PCI:0000:06:00.0
[   17.075359] vgaarb: device added: PCI:0000:06:00.0,decodes=io+mem,owns=io+mem,locks=none
[   17.075378] vgaarb: device added: PCI:0000:82:00.0,decodes=io+mem,owns=none,locks=none
[   17.075391] vgaarb: device added: PCI:0000:83:00.0,decodes=io+mem,owns=none,locks=none
[   17.075401] vgaarb: loaded
[   17.075406] vgaarb: bridge control possible 0000:83:00.0
[   17.075411] vgaarb: bridge control possible 0000:82:00.0
[   17.075417] vgaarb: bridge control possible 0000:06:00.0
[   17.075422] vgaarb: bridge control possible 0000:03:00.0
[   17.075427] vgaarb: bridge control possible 0000:02:00.0
[   17.075769] SCSI subsystem initialized
[   17.075954] libata version 3.00 loaded.
[   17.075997] ACPI: bus type USB registered
[   17.076032] usbcore: registered new interface driver usbfs
[   17.076053] usbcore: registered new interface driver hub
[   17.076298] usbcore: registered new device driver usb
[   17.076761] PCI: Using ACPI for IRQ routing
[   17.081501] PCI: pci_cache_line_size set to 64 bytes
[   17.081836] e820: reserve RAM buffer [mem 0x00099c00-0x0009ffff]
[   17.081838] e820: reserve RAM buffer [mem 0x784f1000-0x7bffffff]
[   17.082009] NetLabel: Initializing
[   17.082013] NetLabel:  domain hash size = 128
[   17.082015] NetLabel:  protocols = UNLABELED CIPSOv4
[   17.082031] NetLabel:  unlabeled traffic allowed by default
[   17.082132] hpet0: at MMIO 0xfed00000, IRQs 2, 8, 0, 0, 0, 0, 0, 0
[   17.082142] hpet0: 8 comparators, 64-bit 14.318180 MHz counter
[   17.084401] clocksource: Switched to clocksource hpet
[   17.092956] AppArmor: AppArmor Filesystem Enabled
[   17.093025] pnp: PnP ACPI init
[   17.093348] pnp 00:00: Plug and Play ACPI device, IDs PNP0b00 (active)
[   17.093542] system 00:01: [io  0x0500-0x057f] has been reserved
[   17.093547] system 00:01: [io  0x0400-0x047f] could not be reserved
[   17.093551] system 00:01: [io  0x0580-0x059f] has been reserved
[   17.093555] system 00:01: [io  0x0600-0x061f] has been reserved
[   17.093558] system 00:01: [io  0x0880-0x0883] has been reserved
[   17.093562] system 00:01: [io  0x0800-0x081f] has been reserved
[   17.093566] system 00:01: [mem 0xfed1c000-0xfed3ffff] has been reserved
[   17.093570] system 00:01: [mem 0xfed45000-0xfed8bfff] has been reserved
[   17.093573] system 00:01: [mem 0xff000000-0xffffffff] has been reserved
[   17.093577] system 00:01: [mem 0xfee00000-0xfeefffff] has been reserved
[   17.093580] system 00:01: [mem 0xfed12000-0xfed1200f] has been reserved
[   17.093584] system 00:01: [mem 0xfed12010-0xfed1201f] has been reserved
[   17.093587] system 00:01: [mem 0xfed1b000-0xfed1bfff] has been reserved
[   17.093592] system 00:01: Plug and Play ACPI device, IDs PNP0c02 (active)
[   17.093823] system 00:02: [io  0x0a00-0x0a0f] has been reserved
[   17.093827] system 00:02: [io  0x0a10-0x0a1f] has been reserved
[   17.093831] system 00:02: [io  0x0a20-0x0a2f] has been reserved
[   17.093834] system 00:02: [io  0x0a30-0x0a3f] has been reserved
[   17.093837] system 00:02: [io  0x0a40-0x0a4f] has been reserved
[   17.093842] system 00:02: Plug and Play ACPI device, IDs PNP0c02 (active)
[   17.094024] pnp 00:03: [dma 0 disabled]
[   17.094069] pnp 00:03: Plug and Play ACPI device, IDs PNP0501 (active)
[   17.094232] pnp 00:04: [dma 0 disabled]
[   17.094270] pnp 00:04: Plug and Play ACPI device, IDs PNP0501 (active)
[   17.094916] pnp: PnP ACPI: found 5 devices
[   17.101431] clocksource: acpi_pm: mask: 0xffffff max_cycles: 0xffffff, max_idle_ns: 2085701024 ns
[   17.101488] pci 0000:ff:12.4: BAR 2: no space for [mem size 0x00000040]
[   17.101492] pci 0000:ff:12.4: BAR 2: failed to assign [mem size 0x00000040]
[   17.101496] pci 0000:ff:12.4: BAR 4: no space for [mem size 0x00000040]
[   17.101499] pci 0000:ff:12.4: BAR 4: failed to assign [mem size 0x00000040]
[   17.101503] pci 0000:ff:12.4: BAR 1: no space for [mem size 0x00000010]
[   17.101506] pci 0000:ff:12.4: BAR 1: failed to assign [mem size 0x00000010]
[   17.101509] pci 0000:ff:12.4: BAR 3: no space for [mem size 0x00000010]
[   17.101513] pci 0000:ff:12.4: BAR 3: failed to assign [mem size 0x00000010]
[   17.101516] pci 0000:ff:12.4: BAR 5: no space for [mem size 0x00000010]
[   17.101519] pci 0000:ff:12.4: BAR 5: failed to assign [mem size 0x00000010]
[   17.101531] pci_bus 0000:ff: Some PCI device resources are unassigned, try booting with pci=realloc
[   17.101569] pci 0000:7f:12.4: BAR 2: no space for [mem size 0x00000040]
[   17.101573] pci 0000:7f:12.4: BAR 2: failed to assign [mem size 0x00000040]
[   17.101576] pci 0000:7f:12.4: BAR 4: no space for [mem size 0x00000040]
[   17.101579] pci 0000:7f:12.4: BAR 4: failed to assign [mem size 0x00000040]
[   17.101583] pci 0000:7f:12.4: BAR 1: no space for [mem size 0x00000010]
[   17.101586] pci 0000:7f:12.4: BAR 1: failed to assign [mem size 0x00000010]
[   17.101589] pci 0000:7f:12.4: BAR 3: no space for [mem size 0x00000010]
[   17.101593] pci 0000:7f:12.4: BAR 3: failed to assign [mem size 0x00000010]
[   17.101596] pci 0000:7f:12.4: BAR 5: no space for [mem size 0x00000010]
[   17.101599] pci 0000:7f:12.4: BAR 5: failed to assign [mem size 0x00000010]
[   17.101609] pci_bus 0000:7f: Some PCI device resources are unassigned, try booting with pci=realloc
[   17.101665] pci 0000:00:1c.4: bridge window [io  0x1000-0x0fff] to [bus 07-3f] add_size 1000
[   17.101676] pci 0000:00:1c.4: res[13]=[io  0x1000-0x0fff] res_to_dev_res add_size 1000 min_align 1000
[   17.101677] pci 0000:00:1c.4: res[13]=[io  0x1000-0x1fff] res_to_dev_res add_size 1000 min_align 1000
[   17.101683] pci 0000:00:1c.4: BAR 13: assigned [io  0x1000-0x1fff]
[   17.101688] pci 0000:00:01.0: PCI bridge to [bus 01]
[   17.101699] pci 0000:00:02.0: PCI bridge to [bus 02]
[   17.101702] pci 0000:00:02.0:   bridge window [io  0x6000-0x6fff]
[   17.101707] pci 0000:00:02.0:   bridge window [mem 0xd3000000-0xd40fffff]
[   17.101712] pci 0000:00:02.0:   bridge window [mem 0x383fe0000000-0x383ff1ffffff 64bit pref]
[   17.101720] pci 0000:00:03.0: PCI bridge to [bus 03]
[   17.101724] pci 0000:00:03.0:   bridge window [io  0x5000-0x5fff]
[   17.101729] pci 0000:00:03.0:   bridge window [mem 0xd1000000-0xd20fffff]
[   17.101733] pci 0000:00:03.0:   bridge window [mem 0x383fc0000000-0x383fd1ffffff 64bit pref]
[   17.101742] pci 0000:00:1c.0: PCI bridge to [bus 04]
[   17.101754] pci 0000:05:00.0: PCI bridge to [bus 06]
[   17.101759] pci 0000:05:00.0:   bridge window [io  0x4000-0x4fff]
[   17.101767] pci 0000:05:00.0:   bridge window [mem 0xcf000000-0xd00fffff]
[   17.101781] pci 0000:00:1c.3: PCI bridge to [bus 05-06]
[   17.101785] pci 0000:00:1c.3:   bridge window [io  0x4000-0x4fff]
[   17.101791] pci 0000:00:1c.3:   bridge window [mem 0xcf000000-0xd00fffff]
[   17.101799] pci 0000:00:1c.4: PCI bridge to [bus 07-3f]
[   17.101803] pci 0000:00:1c.4:   bridge window [io  0x1000-0x1fff]
[   17.101809] pci 0000:00:1c.4:   bridge window [mem 0xb8000000-0xce0fffff]
[   17.101815] pci 0000:00:1c.4:   bridge window [mem 0x90000000-0xb1ffffff 64bit pref]
[   17.101825] pci_bus 0000:00: resource 4 [io  0x0000-0x0cf7 window]
[   17.101826] pci_bus 0000:00: resource 5 [io  0x1000-0x7fff window]
[   17.101828] pci_bus 0000:00: resource 6 [mem 0x000a0000-0x000bffff window]
[   17.101830] pci_bus 0000:00: resource 7 [mem 0xfedb0000-0xfedb000f window]
[   17.101831] pci_bus 0000:00: resource 8 [mem 0xfedc0000-0xfedc000f window]
[   17.101833] pci_bus 0000:00: resource 9 [mem 0x90000000-0xd7ffbfff window]
[   17.101834] pci_bus 0000:00: resource 10 [mem 0x380000000000-0x383fffffffff window]
[   17.101836] pci_bus 0000:02: resource 0 [io  0x6000-0x6fff]
[   17.101838] pci_bus 0000:02: resource 1 [mem 0xd3000000-0xd40fffff]
[   17.101839] pci_bus 0000:02: resource 2 [mem 0x383fe0000000-0x383ff1ffffff 64bit pref]
[   17.101841] pci_bus 0000:03: resource 0 [io  0x5000-0x5fff]
[   17.101842] pci_bus 0000:03: resource 1 [mem 0xd1000000-0xd20fffff]
[   17.101844] pci_bus 0000:03: resource 2 [mem 0x383fc0000000-0x383fd1ffffff 64bit pref]
[   17.101846] pci_bus 0000:05: resource 0 [io  0x4000-0x4fff]
[   17.101848] pci_bus 0000:05: resource 1 [mem 0xcf000000-0xd00fffff]
[   17.101849] pci_bus 0000:06: resource 0 [io  0x4000-0x4fff]
[   17.101851] pci_bus 0000:06: resource 1 [mem 0xcf000000-0xd00fffff]
[   17.101852] pci_bus 0000:07: resource 0 [io  0x1000-0x1fff]
[   17.101854] pci_bus 0000:07: resource 1 [mem 0xb8000000-0xce0fffff]
[   17.101855] pci_bus 0000:07: resource 2 [mem 0x90000000-0xb1ffffff 64bit pref]
[   17.101859] pci_bus 0000:80: max bus depth: 1 pci_try_num: 2
[   17.101882] pci 0000:80:00.0: BAR 15: assigned [mem 0x384000000000-0x3840000fffff 64bit pref]
[   17.101889] pci 0000:81:00.0: BAR 7: assigned [mem 0x384000000000-0x38400001ffff 64bit pref]
[   17.102041] pci 0000:81:00.0: BAR 10: assigned [mem 0x384000020000-0x38400003ffff 64bit pref]
[   17.102191] pci 0000:81:00.1: BAR 7: assigned [mem 0x384000040000-0x38400005ffff 64bit pref]
[   17.102342] pci 0000:81:00.1: BAR 10: assigned [mem 0x384000060000-0x38400007ffff 64bit pref]
[   17.102492] pci 0000:80:00.0: PCI bridge to [bus 81]
[   17.102496] pci 0000:80:00.0:   bridge window [io  0xf000-0xffff]
[   17.102501] pci 0000:80:00.0:   bridge window [mem 0xfb100000-0xfb1fffff]
[   17.102506] pci 0000:80:00.0:   bridge window [mem 0x384000000000-0x3840000fffff 64bit pref]
[   17.102514] pci 0000:80:02.0: PCI bridge to [bus 82]
[   17.102517] pci 0000:80:02.0:   bridge window [io  0xe000-0xefff]
[   17.102522] pci 0000:80:02.0:   bridge window [mem 0xfa000000-0xfb0fffff]
[   17.102527] pci 0000:80:02.0:   bridge window [mem 0x387fe0000000-0x387ff1ffffff 64bit pref]
[   17.102536] pci 0000:80:03.0: PCI bridge to [bus 83]
[   17.102539] pci 0000:80:03.0:   bridge window [io  0xd000-0xdfff]
[   17.102544] pci 0000:80:03.0:   bridge window [mem 0xf8000000-0xf90fffff]
[   17.102549] pci 0000:80:03.0:   bridge window [mem 0x387fc0000000-0x387fd1ffffff 64bit pref]
[   17.102557] pci_bus 0000:80: resource 4 [io  0x8000-0xffff window]
[   17.102559] pci_bus 0000:80: resource 5 [mem 0xd8000000-0xfbffbfff window]
[   17.102561] pci_bus 0000:80: resource 6 [mem 0x384000000000-0x387fffffffff window]
[   17.102562] pci_bus 0000:81: resource 0 [io  0xf000-0xffff]
[   17.102564] pci_bus 0000:81: resource 1 [mem 0xfb100000-0xfb1fffff]
[   17.102565] pci_bus 0000:81: resource 2 [mem 0x384000000000-0x3840000fffff 64bit pref]
[   17.102567] pci_bus 0000:82: resource 0 [io  0xe000-0xefff]
[   17.102568] pci_bus 0000:82: resource 1 [mem 0xfa000000-0xfb0fffff]
[   17.102570] pci_bus 0000:82: resource 2 [mem 0x387fe0000000-0x387ff1ffffff 64bit pref]
[   17.102571] pci_bus 0000:83: resource 0 [io  0xd000-0xdfff]
[   17.102572] pci_bus 0000:83: resource 1 [mem 0xf8000000-0xf90fffff]
[   17.102574] pci_bus 0000:83: resource 2 [mem 0x387fc0000000-0x387fd1ffffff 64bit pref]
[   17.102681] NET: Registered protocol family 2
[   17.103385] TCP established hash table entries: 524288 (order: 10, 4194304 bytes)
[   17.104409] TCP bind hash table entries: 65536 (order: 8, 1048576 bytes)
[   17.104656] TCP: Hash tables configured (established 524288 bind 65536)
[   17.104831] UDP hash table entries: 65536 (order: 9, 2097152 bytes)
[   17.105407] UDP-Lite hash table entries: 65536 (order: 9, 2097152 bytes)
[   17.106127] NET: Registered protocol family 1
[   17.124492] PCI: CLS mismatch (64 != 128), using 64 bytes
[   17.140514] pci 0000:06:00.0: Video device with shadowed ROM
[   17.140632] Trying to unpack rootfs image as initramfs...
[   17.494845] Freeing initrd memory: 22232K (ffff880035484000 - ffff880036a3a000)
[   17.494973] PCI-DMA: Using software bounce buffering for IO (SWIOTLB)
[   17.494977] software IO TLB [mem 0x744f1000-0x784f1000] (64MB) mapped at [ffff8800744f1000-ffff8800784f0fff]
[   17.495050] Intel CQM monitoring enabled
[   17.495052] Intel MBM enabled
[   17.496410] Scanning for low memory corruption every 60 seconds
[   17.497621] futex hash table entries: 16384 (order: 8, 1048576 bytes)
[   17.497821] audit: initializing netlink subsys (disabled)
[   17.497840] audit: type=2000 audit(1515553080.160:1): initialized
[   17.498711] Initialise system trusted keyring
[   17.499099] HugeTLB registered 1 GB page size, pre-allocated 0 pages
[   17.499108] HugeTLB registered 2 MB page size, pre-allocated 0 pages
[   17.500506] zbud: loaded
[   17.500752] VFS: Disk quotas dquot_6.6.0
[   17.500804] VFS: Dquot-cache hash table entries: 512 (order 0, 4096 bytes)
[   17.501121] squashfs: version 4.0 (2009/01/31) Phillip Lougher
[   17.501439] fuse init (API version 7.23)
[   17.501637] Key type big_key registered
[   17.501662] Allocating IMA MOK and blacklist keyrings.
[   17.502223] Key type asymmetric registered
[   17.502229] Asymmetric key parser 'x509' registered
[   17.502286] Block layer SCSI generic (bsg) driver version 0.4 loaded (major 249)
[   17.502413] io scheduler noop registered
[   17.502418] io scheduler deadline registered (default)
[   17.502456] io scheduler cfq registered
[   17.504269] pcieport 0000:00:01.0: Signaling PME through PCIe PME interrupt
[   17.504275] pcie_pme 0000:00:01.0:pcie01: service driver pcie_pme loaded
[   17.504292] pcieport 0000:00:02.0: Signaling PME through PCIe PME interrupt
[   17.504296] pci 0000:02:00.0: Signaling PME through PCIe PME interrupt
[   17.504300] pci 0000:02:00.1: Signaling PME through PCIe PME interrupt
[   17.504304] pcie_pme 0000:00:02.0:pcie01: service driver pcie_pme loaded
[   17.504320] pcieport 0000:00:03.0: Signaling PME through PCIe PME interrupt
[   17.504324] pci 0000:03:00.0: Signaling PME through PCIe PME interrupt
[   17.504327] pci 0000:03:00.1: Signaling PME through PCIe PME interrupt
[   17.504331] pcie_pme 0000:00:03.0:pcie01: service driver pcie_pme loaded
[   17.504395] pcieport 0000:00:1c.0: Signaling PME through PCIe PME interrupt
[   17.504400] pcie_pme 0000:00:1c.0:pcie01: service driver pcie_pme loaded
[   17.504420] pcieport 0000:00:1c.3: Signaling PME through PCIe PME interrupt
[   17.504424] pci 0000:05:00.0: Signaling PME through PCIe PME interrupt
[   17.504427] pci 0000:06:00.0: Signaling PME through PCIe PME interrupt
[   17.504432] pcie_pme 0000:00:1c.3:pcie01: service driver pcie_pme loaded
[   17.504451] pcieport 0000:00:1c.4: Signaling PME through PCIe PME interrupt
[   17.504457] pcie_pme 0000:00:1c.4:pcie01: service driver pcie_pme loaded
[   17.504477] pcieport 0000:80:00.0: Signaling PME through PCIe PME interrupt
[   17.504481] pci 0000:81:00.0: Signaling PME through PCIe PME interrupt
[   17.504484] pci 0000:81:00.1: Signaling PME through PCIe PME interrupt
[   17.504488] pcie_pme 0000:80:00.0:pcie01: service driver pcie_pme loaded
[   17.504502] pcieport 0000:80:02.0: Signaling PME through PCIe PME interrupt
[   17.504506] pci 0000:82:00.0: Signaling PME through PCIe PME interrupt
[   17.504510] pci 0000:82:00.1: Signaling PME through PCIe PME interrupt
[   17.504514] pcie_pme 0000:80:02.0:pcie01: service driver pcie_pme loaded
[   17.504527] pcieport 0000:80:03.0: Signaling PME through PCIe PME interrupt
[   17.504531] pci 0000:83:00.0: Signaling PME through PCIe PME interrupt
[   17.504534] pci 0000:83:00.1: Signaling PME through PCIe PME interrupt
[   17.504539] pcie_pme 0000:80:03.0:pcie01: service driver pcie_pme loaded
[   17.504545] pci_hotplug: PCI Hot Plug PCI Core version: 0.5
[   17.504554] pciehp: PCI Express Hot Plug Controller Driver version: 0.4
[   17.504612] vesafb: mode is 640x480x32, linelength=2560, pages=0
[   17.504615] vesafb: scrolling: redraw
[   17.504619] vesafb: Truecolor: size=8:8:8:8, shift=24:16:8:0
[   17.504637] vesafb: framebuffer at 0xcf000000, mapped to 0xffffc9000d000000, using 1216k, total 1216k
[   17.561788] Console: switching to colour frame buffer device 80x30
[   17.620537] fb0: VESA VGA frame buffer device
[   17.621739] intel_idle: MWAIT substates: 0x2120
[   17.621741] intel_idle: v0.4.1 model 0x4F
[   17.621742] intel_idle: lapic_timer_reliable_states 0xffffffff
[   17.623305] input: Power Button as /devices/LNXSYSTM:00/LNXSYBUS:00/PNP0C0C:00/input/input0
[   17.625589] ACPI: Power Button [PWRB]
[   17.626617] input: Power Button as /devices/LNXSYSTM:00/LNXPWRBN:00/input/input1
[   17.690913] ACPI: Power Button [PWRF]
[   17.730985] ERST: Error Record Serialization Table (ERST) support is initialized.
[   17.799229] pstore: Registered erst as persistent store backend
[   17.835153] GHES: APEI firmware first mode is enabled by APEI bit and WHEA _OSC.
[   17.908610] Serial: 8250/16550 driver, 32 ports, IRQ sharing enabled
[   17.967892] 00:03: ttyS0 at I/O 0x3f8 (irq = 4, base_baud = 115200) is a 16550A
[   18.066564] 00:04: ttyS1 at I/O 0x2f8 (irq = 3, base_baud = 115200) is a 16550A
[   18.148388] Linux agpgart interface v0.103
[   18.199135] brd: module loaded
[   18.243526] loop: module loaded
[   18.283628] libphy: Fixed MDIO Bus: probed
[   18.324238] tun: Universal TUN/TAP device driver, 1.6
[   18.364851] tun: (C) 1999-2004 Max Krasnyansky <maxk@qualcomm.com>
[   18.405727] PPP generic driver version 2.4.2
[   18.446123] ehci_hcd: USB 2.0 'Enhanced' Host Controller (EHCI) Driver
[   18.487421] ehci-pci: EHCI PCI platform driver
[   18.492411] tsc: Refined TSC clocksource calibration: 2199.991 MHz
[   18.492413] clocksource: tsc: mask: 0xffffffffffffffff max_cycles: 0x1fb62a68ba3, max_idle_ns: 440795223189 ns
[   18.652174] ehci-pci 0000:00:1a.0: EHCI Host Controller
[   18.693378] ehci-pci 0000:00:1a.0: new USB bus registered, assigned bus number 1
[   18.773535] ehci-pci 0000:00:1a.0: debug port 2
[   18.817843] ehci-pci 0000:00:1a.0: cache line size of 64 is not supported
[   18.817860] ehci-pci 0000:00:1a.0: irq 18, io mem 0xce112000
[   18.868355] ehci-pci 0000:00:1a.0: USB 2.0 started, EHCI 1.00
[   18.907119] usb usb1: New USB device found, idVendor=1d6b, idProduct=0002
[   18.946851] usb usb1: New USB device strings: Mfr=3, Product=2, SerialNumber=1
[   19.023887] usb usb1: Product: EHCI Host Controller
[   19.062357] usb usb1: Manufacturer: Linux 4.4.0-31-generic ehci_hcd
[   19.100803] usb usb1: SerialNumber: 0000:00:1a.0
[   19.138471] hub 1-0:1.0: USB hub found
[   19.175196] hub 1-0:1.0: 2 ports detected
[   19.211111] ehci-pci 0000:00:1d.0: EHCI Host Controller
[   19.246699] ehci-pci 0000:00:1d.0: new USB bus registered, assigned bus number 2
[   19.316117] ehci-pci 0000:00:1d.0: debug port 2
[   19.355088] ehci-pci 0000:00:1d.0: cache line size of 64 is not supported
[   19.355093] ehci-pci 0000:00:1d.0: irq 18, io mem 0xce111000
[   19.400363] ehci-pci 0000:00:1d.0: USB 2.0 started, EHCI 1.00
[   19.435762] usb usb2: New USB device found, idVendor=1d6b, idProduct=0002
[   19.472199] usb usb2: New USB device strings: Mfr=3, Product=2, SerialNumber=1
[   19.544071] usb usb2: Product: EHCI Host Controller
[   19.580376] usb usb2: Manufacturer: Linux 4.4.0-31-generic ehci_hcd
[   19.616721] usb usb2: SerialNumber: 0000:00:1d.0
[   19.652477] usb 1-1: new high-speed USB device number 2 using ehci-pci
[   19.652491] clocksource: Switched to clocksource tsc
[   19.652590] hub 2-0:1.0: USB hub found
[   19.652594] hub 2-0:1.0: 2 ports detected
[   19.652738] ehci-platform: EHCI generic platform driver
[   19.652749] ohci_hcd: USB 1.1 'Open' Host Controller (OHCI) Driver
[   19.652754] ohci-pci: OHCI PCI platform driver
[   19.652779] ohci-platform: OHCI generic platform driver
[   19.652787] uhci_hcd: USB Universal Host Controller Interface driver
[   19.652940] xhci_hcd 0000:00:14.0: xHCI Host Controller
[   19.652945] xhci_hcd 0000:00:14.0: new USB bus registered, assigned bus number 3
[   19.654244] xhci_hcd 0000:00:14.0: hcc params 0x200077c1 hci version 0x100 quirks 0x00009810
[   19.654257] xhci_hcd 0000:00:14.0: cache line size of 64 is not supported
[   19.654412] usb usb3: New USB device found, idVendor=1d6b, idProduct=0002
[   19.654413] usb usb3: New USB device strings: Mfr=3, Product=2, SerialNumber=1
[   19.654414] usb usb3: Product: xHCI Host Controller
[   19.654415] usb usb3: Manufacturer: Linux 4.4.0-31-generic xhci-hcd
[   19.654416] usb usb3: SerialNumber: 0000:00:14.0
[   19.654535] hub 3-0:1.0: USB hub found
[   19.654597] hub 3-0:1.0: 15 ports detected
[   19.655629] xhci_hcd 0000:00:14.0: xHCI Host Controller
[   19.655632] xhci_hcd 0000:00:14.0: new USB bus registered, assigned bus number 4
[   19.655668] usb usb4: New USB device found, idVendor=1d6b, idProduct=0003
[   19.655669] usb usb4: New USB device strings: Mfr=3, Product=2, SerialNumber=1
[   19.655670] usb usb4: Product: xHCI Host Controller
[   19.655671] usb usb4: Manufacturer: Linux 4.4.0-31-generic xhci-hcd
[   19.655672] usb usb4: SerialNumber: 0000:00:14.0
[   19.655787] hub 4-0:1.0: USB hub found
[   19.655814] hub 4-0:1.0: 6 ports detected
[   19.656394] i8042: PNP: No PS/2 controller found. Probing ports directly.
[   20.412314] usb 2-1: new high-speed USB device number 2 using ehci-pci
[   20.748772] i8042: No controller found
[   20.748872] mousedev: PS/2 mouse device common for all mice
[   20.748997] rtc_cmos 00:00: RTC can wake from S4
[   20.749354] rtc_cmos 00:00: rtc core: registered rtc_cmos as rtc0
[   20.749430] rtc_cmos 00:00: alarms up to one month, y3k, 114 bytes nvram, hpet irqs
[   20.749437] i2c /dev entries driver
[   20.749492] device-mapper: uevent: version 1.0.3
[   20.749562] device-mapper: ioctl: 4.34.0-ioctl (2015-10-28) initialised: dm-devel@redhat.com
[   20.749584] Intel P-state driver initializing.
[   20.768653] usb 1-1: New USB device found, idVendor=8087, idProduct=800a
[   20.768655] usb 1-1: New USB device strings: Mfr=0, Product=0, SerialNumber=0
[   20.768925] hub 1-1:1.0: USB hub found
[   20.769026] hub 1-1:1.0: 6 ports detected
[   20.773064] ledtrig-cpu: registered to indicate activity on CPUs
[   20.773843] NET: Registered protocol family 10
[   20.774336] NET: Registered protocol family 17
[   20.774360] Key type dns_resolver registered
[   20.776523] microcode: CPU0 sig=0x406f1, pf=0x1, revision=0xb00001b
[   20.776562] microcode: CPU1 sig=0x406f1, pf=0x1, revision=0xb00001b
[   20.776568] microcode: CPU2 sig=0x406f1, pf=0x1, revision=0xb00001b
[   20.806501] microcode: CPU3 sig=0x406f1, pf=0x1, revision=0xb00001b
[   20.806531] microcode: CPU4 sig=0x406f1, pf=0x1, revision=0xb00001b
[   20.806561] microcode: CPU5 sig=0x406f1, pf=0x1, revision=0xb00001b
[   20.806600] microcode: CPU6 sig=0x406f1, pf=0x1, revision=0xb00001b
[   20.806634] microcode: CPU7 sig=0x406f1, pf=0x1, revision=0xb00001b
[   20.806679] microcode: CPU8 sig=0x406f1, pf=0x1, revision=0xb00001b
[   20.806715] microcode: CPU9 sig=0x406f1, pf=0x1, revision=0xb00001b
[   20.806751] microcode: CPU10 sig=0x406f1, pf=0x1, revision=0xb00001b
[   20.806787] microcode: CPU11 sig=0x406f1, pf=0x1, revision=0xb00001b
[   20.806815] microcode: CPU12 sig=0x406f1, pf=0x1, revision=0xb00001b
[   20.806819] microcode: CPU13 sig=0x406f1, pf=0x1, revision=0xb00001b
[   20.806850] microcode: CPU14 sig=0x406f1, pf=0x1, revision=0xb00001b
[   20.806888] microcode: CPU15 sig=0x406f1, pf=0x1, revision=0xb00001b
[   20.806927] microcode: CPU16 sig=0x406f1, pf=0x1, revision=0xb00001b
[   20.806961] microcode: CPU17 sig=0x406f1, pf=0x1, revision=0xb00001b
[   20.806996] microcode: CPU18 sig=0x406f1, pf=0x1, revision=0xb00001b
[   20.807029] microcode: CPU19 sig=0x406f1, pf=0x1, revision=0xb00001b
[   20.807065] microcode: CPU20 sig=0x406f1, pf=0x1, revision=0xb00001b
[   20.807106] microcode: CPU21 sig=0x406f1, pf=0x1, revision=0xb00001b
[   20.807143] microcode: CPU22 sig=0x406f1, pf=0x1, revision=0xb00001b
[   20.807178] microcode: CPU23 sig=0x406f1, pf=0x1, revision=0xb00001b
[   20.807211] microcode: CPU24 sig=0x406f1, pf=0x1, revision=0xb00001b
[   20.807257] microcode: CPU25 sig=0x406f1, pf=0x1, revision=0xb00001b
[   20.807297] microcode: CPU26 sig=0x406f1, pf=0x1, revision=0xb00001b
[   20.807311] microcode: CPU27 sig=0x406f1, pf=0x1, revision=0xb00001b
[   20.807350] microcode: CPU28 sig=0x406f1, pf=0x1, revision=0xb00001b
[   20.807379] microcode: CPU29 sig=0x406f1, pf=0x1, revision=0xb00001b
[   20.807433] microcode: CPU30 sig=0x406f1, pf=0x1, revision=0xb00001b
[   20.807469] microcode: CPU31 sig=0x406f1, pf=0x1, revision=0xb00001b
[   20.807507] microcode: CPU32 sig=0x406f1, pf=0x1, revision=0xb00001b
[   20.807543] microcode: CPU33 sig=0x406f1, pf=0x1, revision=0xb00001b
[   20.807580] microcode: CPU34 sig=0x406f1, pf=0x1, revision=0xb00001b
[   20.807614] microcode: CPU35 sig=0x406f1, pf=0x1, revision=0xb00001b
[   20.807641] microcode: CPU36 sig=0x406f1, pf=0x1, revision=0xb00001b
[   20.807646] microcode: CPU37 sig=0x406f1, pf=0x1, revision=0xb00001b
[   20.807685] microcode: CPU38 sig=0x406f1, pf=0x1, revision=0xb00001b
[   20.807722] microcode: CPU39 sig=0x406f1, pf=0x1, revision=0xb00001b
[   20.807761] microcode: CPU40 sig=0x406f1, pf=0x1, revision=0xb00001b
[   20.807806] microcode: CPU41 sig=0x406f1, pf=0x1, revision=0xb00001b
[   20.807851] microcode: CPU42 sig=0x406f1, pf=0x1, revision=0xb00001b
[   20.807885] microcode: CPU43 sig=0x406f1, pf=0x1, revision=0xb00001b
[   20.807922] microcode: CPU44 sig=0x406f1, pf=0x1, revision=0xb00001b
[   20.807956] microcode: CPU45 sig=0x406f1, pf=0x1, revision=0xb00001b
[   20.807994] microcode: CPU46 sig=0x406f1, pf=0x1, revision=0xb00001b
[   20.808031] microcode: CPU47 sig=0x406f1, pf=0x1, revision=0xb00001b
[   20.808087] microcode: Microcode Update Driver: v2.01 <tigran@aivazian.fsnet.co.uk>, Peter Oruba
[   20.808226] registered taskstats version 1
[   20.808252] Loading compiled-in X.509 certificates
[   20.808954] Loaded X.509 cert 'Build time autogenerated kernel key: 6e1dec312b99cf2987117ed2153b9a730dee12a7'
[   20.809002] zswap: loaded using pool lzo/zbud
[   20.811842] Key type trusted registered
[   20.815606] Key type encrypted registered
[   20.815611] AppArmor: AppArmor sha1 policy hashing enabled
[   20.815613] ima: No TPM chip found, activating TPM-bypass!
[   20.815640] evm: HMAC attrs: 0x1
[   20.816938]   Magic number: 2:371:965
[   20.816987] clockevents clockevent46: hash matches
[   20.817074] memory memory16: hash matches
[   20.843273] rtc_cmos 00:00: setting system clock to 2018-01-10 02:58:04 UTC (1515553084)
[   20.843414] BIOS EDD facility v0.16 2004-Jun-25, 0 devices found
[   20.843415] EDD information not available.
[   20.843459] PM: Hibernation image not present or could not be loaded.
[   20.876652] usb 2-1: New USB device found, idVendor=8087, idProduct=8002
[   20.876653] usb 2-1: New USB device strings: Mfr=0, Product=0, SerialNumber=0
[   20.876920] hub 2-1:1.0: USB hub found
[   20.877021] hub 2-1:1.0: 8 ports detected
[   20.912339] usb 3-6: new full-speed USB device number 2 using xhci_hcd
[   21.045568] usb 3-6: New USB device found, idVendor=0529, idProduct=0003
[   21.045570] usb 3-6: New USB device strings: Mfr=1, Product=2, SerialNumber=0
[   21.045573] usb 3-6: Product: Sentinel HL
[   21.045573] usb 3-6: Manufacturer: SafeNet Inc.
[   21.045667] usb 3-6: ep 0x85 - rounding interval to 1024 microframes, ep desc says 2040 microframes
[   21.212310] usb 3-13: new high-speed USB device number 3 using xhci_hcd
[   21.340514] usb 3-13: New USB device found, idVendor=0557, idProduct=7000
[   21.340515] usb 3-13: New USB device strings: Mfr=0, Product=0, SerialNumber=0
[   21.340919] hub 3-13:1.0: USB hub found
[   21.340987] hub 3-13:1.0: 4 ports detected
[   21.632298] usb 3-13.1: new low-speed USB device number 4 using xhci_hcd
[   21.744613] usb 3-13.1: New USB device found, idVendor=0557, idProduct=2419
[   21.744614] usb 3-13.1: New USB device strings: Mfr=0, Product=0, SerialNumber=0
[   21.744702] usb 3-13.1: ep 0x81 - rounding interval to 64 microframes, ep desc says 80 microframes
[   21.744706] usb 3-13.1: ep 0x82 - rounding interval to 32 microframes, ep desc says 40 microframes
[   23.398662] Freeing unused kernel memory: 1484K (ffffffff81d44000 - ffffffff81eb7000)
[   23.476061] Write protecting the kernel read-only data: 12288k
[   23.515517] Freeing unused kernel memory: 4K (ffff8800017ff000 - ffff880001800000)
[   23.593818] Freeing unused kernel memory: 140K (ffff880001bdd000 - ffff880001c00000)
[   23.730811] systemd-udevd[409]: starting version 204
[   23.789726] FUJITSU Extended Socket Network Device Driver - version 1.0 - Copyright (c) 2015 FUJITSU LIMITED
[   23.807314] ahci 0000:00:11.4: version 3.0
[   23.807568] hidraw: raw HID events driver (C) Jiri Kosina
[   23.807706] ahci 0000:00:11.4: AHCI 0001.0300 32 slots 4 ports 6 Gbps 0xf impl SATA mode
[   23.807708] ahci 0000:00:11.4: flags: 64bit ncq pm led clo pio slum part ems apst 
[   23.809614] pps_core: LinuxPPS API ver. 1 registered
[   23.809614] pps_core: Software ver. 5.3.6 - Copyright 2005-2007 Rodolfo Giometti <giometti@linux.it>
[   23.810756] PTP clock support registered
[   23.810821] usbcore: registered new interface driver usbhid
[   23.810822] usbhid: USB HID core driver
[   23.811848] dca service started, version 1.12.1
[   23.828681] scsi host0: ahci
[   23.828804] scsi host1: ahci
[   23.828888] scsi host2: ahci
[   23.828998] scsi host3: ahci
[   23.829044] ata1: SATA max UDMA/133 abar m2048@0xce116000 port 0xce116100 irq 40
[   23.829049] ata2: SATA max UDMA/133 abar m2048@0xce116000 port 0xce116180 irq 40
[   23.829054] ata3: SATA max UDMA/133 abar m2048@0xce116000 port 0xce116200 irq 40
[   23.829059] ata4: SATA max UDMA/133 abar m2048@0xce116000 port 0xce116280 irq 40
[   23.829476] ahci 0000:00:1f.2: AHCI 0001.0300 32 slots 6 ports 6 Gbps 0x3f impl SATA mode
[   23.829478] ahci 0000:00:1f.2: flags: 64bit ncq pm led clo pio slum part ems apst 
[   23.868759] scsi host4: ahci
[   23.868842] scsi host5: ahci
[   23.868916] scsi host6: ahci
[   23.868990] scsi host7: ahci
[   23.869065] scsi host8: ahci
[   23.869139] scsi host9: ahci
[   23.869179] ata5: SATA max UDMA/133 abar m2048@0xce110000 port 0xce110100 irq 41
[   23.869184] ata6: SATA max UDMA/133 abar m2048@0xce110000 port 0xce110180 irq 41
[   23.869188] ata7: SATA max UDMA/133 abar m2048@0xce110000 port 0xce110200 irq 41
[   23.869193] ata8: SATA max UDMA/133 abar m2048@0xce110000 port 0xce110280 irq 41
[   23.869197] ata9: SATA max UDMA/133 abar m2048@0xce110000 port 0xce110300 irq 41
[   23.869201] ata10: SATA max UDMA/133 abar m2048@0xce110000 port 0xce110380 irq 41
[   24.160312] ata1: SATA link down (SStatus 0 SControl 300)
[   24.164308] ata4: SATA link down (SStatus 0 SControl 300)
[   24.164405] ata3: SATA link down (SStatus 0 SControl 300)
[   24.164483] ata2: SATA link down (SStatus 0 SControl 300)
[   24.188292] ata6: SATA link up 6.0 Gbps (SStatus 133 SControl 300)
[   24.188366] ata5: SATA link up 6.0 Gbps (SStatus 133 SControl 300)
[   24.189851] ata5.00: ATA-9: SanDisk SD8SBAT128G1122, Z2333000, max UDMA/133
[   24.189853] ata5.00: 250069680 sectors, multi 1: LBA48 NCQ (depth 31/32), AA
[   24.194846] ata6.00: ATA-10: ST4000NM0035-1V4107, TN02, max UDMA/133
[   24.194848] ata6.00: 7814037168 sectors, multi 16: LBA48 NCQ (depth 31/32), AA
[   24.196157] ata6.00: configured for UDMA/133
[   24.196288] ata9: SATA link down (SStatus 0 SControl 300)
[   24.196363] ata7: SATA link down (SStatus 0 SControl 300)
[   24.196437] ata8: SATA link down (SStatus 0 SControl 300)
[   24.196525] ata10: SATA link down (SStatus 0 SControl 300)
[   24.197475] ata5.00: configured for UDMA/133
[   24.197757] scsi 4:0:0:0: Direct-Access     ATA      SanDisk SD8SBAT1 3000 PQ: 0 ANSI: 5
[   24.197925] sd 4:0:0:0: [sda] 250069680 512-byte logical blocks: (128 GB/119 GiB)
[   24.197945] sd 4:0:0:0: [sda] Write Protect is off
[   24.197946] sd 4:0:0:0: [sda] Mode Sense: 00 3a 00 00
[   24.197953] sd 4:0:0:0: [sda] Write cache: enabled, read cache: enabled, doesn't support DPO or FUA
[   24.197998] sd 4:0:0:0: Attached scsi generic sg0 type 0
[   24.198237] scsi 5:0:0:0: Direct-Access     ATA      ST4000NM0035-1V4 TN02 PQ: 0 ANSI: 5
[   24.198396] sd 5:0:0:0: [sdb] 7814037168 512-byte logical blocks: (4.00 TB/3.64 TiB)
[   24.198458] sd 5:0:0:0: Attached scsi generic sg1 type 0
[   24.198516]  sda: sda1 sda2 < sda5 >
[   24.198608] sd 5:0:0:0: [sdb] Write Protect is off
[   24.198610] sd 5:0:0:0: [sdb] Mode Sense: 00 3a 00 00
[   24.198639] sd 5:0:0:0: [sdb] Write cache: enabled, read cache: enabled, doesn't support DPO or FUA
[   24.198737] sd 4:0:0:0: [sda] Attached SCSI disk
[   24.240943] igb: Intel(R) Gigabit Ethernet Network Driver - version 5.3.0-k
[   24.240944] igb: Copyright (c) 2007-2014 Intel Corporation.
[   24.242527]  sdb: sdb1
[   24.242976] sd 5:0:0:0: [sdb] Attached SCSI disk
[   24.319868] igb 0000:81:00.0: added PHC on eth0
[   24.319869] igb 0000:81:00.0: Intel(R) Gigabit Ethernet Network Connection
[   24.319870] igb 0000:81:00.0: eth0: (PCIe:5.0Gb/s:Width x4) 0c:c4:7a:e5:28:c6
[   24.320022] igb 0000:81:00.0: eth0: PBA No: 050B00-000
[   24.320023] igb 0000:81:00.0: Using MSI-X interrupts. 8 rx queue(s), 8 tx queue(s)
[   24.401393] igb 0000:81:00.1: added PHC on eth1
[   24.401394] igb 0000:81:00.1: Intel(R) Gigabit Ethernet Network Connection
[   24.401395] igb 0000:81:00.1: eth1: (PCIe:5.0Gb/s:Width x4) 0c:c4:7a:e5:28:c7
[   24.401548] igb 0000:81:00.1: eth1: PBA No: 050B00-000
[   24.401550] igb 0000:81:00.1: Using MSI-X interrupts. 8 rx queue(s), 8 tx queue(s)
[   25.048063] hid-generic 0003:0529:0003.0001: hiddev0,hidraw0: USB HID v1.10 Device [SafeNet Inc. Sentinel HL] on usb-0000:00:14.0-6/input0
[   25.048250] input: HID 0557:2419 as /devices/pci0000:00/0000:00:14.0/usb3/3-13/3-13.1/3-13.1:1.0/0003:0557:2419.0002/input/input2
[   25.062950] random: lvm urandom read with 40 bits of entropy available
[   25.075198] igb 0000:81:00.0 em1: renamed from eth0
[   25.104284] hid-generic 0003:0557:2419.0002: input,hidraw1: USB HID v1.00 Keyboard [HID 0557:2419] on usb-0000:00:14.0-13.1/input0
[   25.104379] input: HID 0557:2419 as /devices/pci0000:00/0000:00:14.0/usb3/3-13/3-13.1/3-13.1:1.1/0003:0557:2419.0003/input/input3
[   25.104456] hid-generic 0003:0557:2419.0003: input,hidraw2: USB HID v1.00 Mouse [HID 0557:2419] on usb-0000:00:14.0-13.1/input1
[   25.340343] igb 0000:81:00.1 em2: renamed from eth1
[   25.340350] systemd-udevd[414]: renamed network interface eth0 to em1
[   25.532352] systemd-udevd[446]: renamed network interface eth1 to em2
[   28.247051] EXT4-fs (dm-1): mounted filesystem with ordered data mode. Opts: (null)
[   28.584998] init: plymouth-upstart-bridge main process (566) terminated with status 1
[   28.673645] init: plymouth-upstart-bridge main process ended, respawning
[   28.725685] init: plymouth-upstart-bridge main process (576) terminated with status 1
[   28.815838] init: plymouth-upstart-bridge main process ended, respawning
[   28.936947] Adding 29294588k swap on /dev/mapper/deep--vg-swap.  Priority:-1 extents:1 across:29294588k SSFS
[   29.030402] random: nonblocking pool is initialized
[   29.077118] EXT4-fs (dm-1): re-mounted. Opts: errors=remount-ro
[   29.200549] EXT4-fs (sda1): mounted filesystem with ordered data mode. Opts: (null)
[   29.205131] systemd-udevd[784]: starting version 204
[   29.271102] lp: driver loaded but no devices found
[   29.290060] EXT4-fs (sdb1): mounted filesystem with ordered data mode. Opts: (null)
[   29.334884] ioatdma: Intel(R) QuickData Technology Driver 4.00
[   29.337650] igb 0000:81:00.0: DCA enabled
[   29.337687] igb 0000:81:00.1: DCA enabled
[   29.339118] shpchp: Standard Hot Plug PCI Controller Driver version: 0.4
[   29.369294] FS-Cache: Loaded
[   29.372088] ipmi message handler version 39.2
[   29.374161] ipmi_si IPI0001:00: ipmi_si: probing via ACPI
[   29.374179] ipmi_si IPI0001:00: [io  0x0ca2] regsize 1 spacing 1 irq 0
[   29.374180] ipmi_si: Adding ACPI-specified kcs state machine
[   29.374263] IPMI System Interface driver.
[   29.374376] ipmi_si: probing via SMBIOS
[   29.374377] ipmi_si: SMBIOS: io 0xca2 regsize 1 spacing 1 irq 0
[   29.374378] ipmi_si: Adding SMBIOS-specified kcs state machine duplicate interface
[   29.374379] ipmi_si: probing via SPMI
[   29.374381] ipmi_si: SPMI: io 0xca2 regsize 1 spacing 1 irq 0
[   29.374381] ipmi_si: Adding SPMI-specified kcs state machine duplicate interface
[   29.374383] ipmi_si: Trying ACPI-specified kcs state machine at i/o address 0xca2, slave address 0x0, irq 0
[   29.378912] RPC: Registered named UNIX socket transport module.
[   29.378914] RPC: Registered udp transport module.
[   29.378915] RPC: Registered tcp transport module.
[   29.378916] RPC: Registered tcp NFSv4.1 backchannel transport module.
[   29.390369] FS-Cache: Netfs 'nfs' registered for caching
[   29.402712] Installing knfsd (copyright (C) 1996 okir@monad.swb.de).
[   29.416324] power_meter ACPI000D:00: Found ACPI power meter.
[   29.416429] power_meter ACPI000D:00: Ignoring unsafe software power cap!
[   29.449552] init: idmapd main process (986) terminated with status 1
[   29.449557] init: idmapd main process ended, respawning
[   29.461650] wmi: Mapper loaded
[   29.464434] mei_me 0000:00:16.0: Device doesn't have valid ME Interface
[   29.467348] EDAC MC: Ver: 3.0.0
[   29.469165] EDAC sbridge: Seeking for: PCI ID 8086:6fa0
[   29.469173] EDAC sbridge: Seeking for: PCI ID 8086:6fa0
[   29.469177] EDAC sbridge: Seeking for: PCI ID 8086:6fa0
[   29.469181] EDAC sbridge: Seeking for: PCI ID 8086:6ffc
[   29.469184] EDAC sbridge: Seeking for: PCI ID 8086:6ffc
[   29.469188] EDAC sbridge: Seeking for: PCI ID 8086:6ffc
[   29.469192] EDAC sbridge: Seeking for: PCI ID 8086:6ffd
[   29.469195] EDAC sbridge: Seeking for: PCI ID 8086:6ffd
[   29.469199] EDAC sbridge: Seeking for: PCI ID 8086:6ffd
[   29.469203] EDAC sbridge: Seeking for: PCI ID 8086:6f60
[   29.469206] EDAC sbridge: Seeking for: PCI ID 8086:6f60
[   29.469210] EDAC sbridge: Seeking for: PCI ID 8086:6f60
[   29.469214] EDAC sbridge: Seeking for: PCI ID 8086:6fa8
[   29.469217] EDAC sbridge: Seeking for: PCI ID 8086:6fa8
[   29.469221] EDAC sbridge: Seeking for: PCI ID 8086:6fa8
[   29.469225] EDAC sbridge: Seeking for: PCI ID 8086:6f71
[   29.469228] EDAC sbridge: Seeking for: PCI ID 8086:6f71
[   29.469232] EDAC sbridge: Seeking for: PCI ID 8086:6f71
[   29.469236] EDAC sbridge: Seeking for: PCI ID 8086:6faa
[   29.469239] EDAC sbridge: Seeking for: PCI ID 8086:6faa
[   29.469243] EDAC sbridge: Seeking for: PCI ID 8086:6faa
[   29.469247] EDAC sbridge: Seeking for: PCI ID 8086:6fab
[   29.469250] EDAC sbridge: Seeking for: PCI ID 8086:6fab
[   29.469254] EDAC sbridge: Seeking for: PCI ID 8086:6fab
[   29.469257] EDAC sbridge: Seeking for: PCI ID 8086:6fac
[   29.469265] EDAC sbridge: Seeking for: PCI ID 8086:6fad
[   29.469272] EDAC sbridge: Seeking for: PCI ID 8086:6faf
[   29.469275] EDAC sbridge: Seeking for: PCI ID 8086:6faf
[   29.469279] EDAC sbridge: Seeking for: PCI ID 8086:6faf
[   29.469282] EDAC sbridge: Seeking for: PCI ID 8086:6f68
[   29.469286] EDAC sbridge: Seeking for: PCI ID 8086:6f68
[   29.469290] EDAC sbridge: Seeking for: PCI ID 8086:6f68
[   29.469293] EDAC sbridge: Seeking for: PCI ID 8086:6f79
[   29.469297] EDAC sbridge: Seeking for: PCI ID 8086:6f79
[   29.469301] EDAC sbridge: Seeking for: PCI ID 8086:6f79
[   29.469304] EDAC sbridge: Seeking for: PCI ID 8086:6f6a
[   29.469307] EDAC sbridge: Seeking for: PCI ID 8086:6f6a
[   29.469312] EDAC sbridge: Seeking for: PCI ID 8086:6f6a
[   29.469315] EDAC sbridge: Seeking for: PCI ID 8086:6f6b
[   29.469318] EDAC sbridge: Seeking for: PCI ID 8086:6f6b
[   29.469322] EDAC sbridge: Seeking for: PCI ID 8086:6f6b
[   29.469325] EDAC sbridge: Seeking for: PCI ID 8086:6f6c
[   29.469333] EDAC sbridge: Seeking for: PCI ID 8086:6f6d
[   29.470042] EDAC MC0: Giving out device to module sbridge_edac.c controller Broadwell Socket#0: DEV 0000:ff:12.0 (POLLED)
[   29.470726] EDAC MC1: Giving out device to module sbridge_edac.c controller Broadwell Socket#1: DEV 0000:7f:12.0 (POLLED)
[   29.470727] EDAC sbridge:  Ver: 1.1.1 
[   29.475738] Bluetooth: Core ver 2.21
[   29.475752] NET: Registered protocol family 31
[   29.475753] Bluetooth: HCI device and connection manager initialized
[   29.475756] Bluetooth: HCI socket layer initialized
[   29.475758] Bluetooth: L2CAP socket layer initialized
[   29.475764] Bluetooth: SCO socket layer initialized
[   29.480322] [drm] Initialized drm 1.1.0 20060810
[   29.481041] Bluetooth: BNEP (Ethernet Emulation) ver 1.3
[   29.481043] Bluetooth: BNEP filters: protocol multicast
[   29.481046] Bluetooth: BNEP socket layer initialized
[   29.481648] Bluetooth: RFCOMM TTY layer initialized
[   29.481653] Bluetooth: RFCOMM socket layer initialized
[   29.481657] Bluetooth: RFCOMM ver 1.11
[   29.488066] ipmi_si IPI0001:00: The BMC does not support clearing the recv irq bit, compensating, but the BMC needs to be fixed.
[   29.495993] init: avahi-cups-reload main process (1068) terminated with status 1
[   29.499785] [drm] AST 2400 detected
[   29.499804] [drm] Analog VGA only
[   29.499822] [drm] dram 1632000000 1 16 01000000
[   29.500022] [TTM] Zone  kernel: Available graphics memory: 65952978 kiB
[   29.500026] [TTM] Zone   dma32: Available graphics memory: 2097152 kiB
[   29.500027] [TTM] Initializing pool allocator
[   29.500086] [TTM] Initializing DMA pool allocator
[   29.503278] AVX2 version of gcm_enc/dec engaged.
[   29.503280] AES CTR mode by8 optimization enabled
[   29.507437] checking generic (cf000000 130000) vs hw (cf000000 1000000)
[   29.507439] fb: switching to astdrmfb from VESA VGA
[   29.507485] Console: switching to colour dummy device 80x25
[   29.507928] fbcon: astdrmfb (fb0) is primary device
[   29.525069] Console: switching to colour frame buffer device 128x48
[   29.531834] ipmi_si IPI0001:00: Found new BMC (man_id: 0x002a7c, prod_id: 0x0852, dev_id: 0x20)
[   29.531851] ipmi_si IPI0001:00: IPMI kcs interface initialized
[   29.533539] IPMI SSIF Interface driver
[   29.551163] ast 0000:06:00.0: fb0: astdrmfb frame buffer device
[   29.554492] snd_hda_intel 0000:02:00.1: Disabling MSI
[   29.554548] snd_hda_intel 0000:02:00.1: Handle vga_switcheroo audio client
[   29.554679] snd_hda_intel 0000:03:00.1: Disabling MSI
[   29.554698] snd_hda_intel 0000:03:00.1: Handle vga_switcheroo audio client
[   29.554861] snd_hda_intel 0000:82:00.1: Disabling MSI
[   29.554926] snd_hda_intel 0000:82:00.1: Handle vga_switcheroo audio client
[   29.555103] snd_hda_intel 0000:83:00.1: Disabling MSI
[   29.555134] snd_hda_intel 0000:83:00.1: Handle vga_switcheroo audio client
[   29.573765] intel_rapl: Found RAPL domain package
[   29.573776] intel_rapl: Found RAPL domain dram
[   29.573777] intel_rapl: DRAM domain energy unit 15300pj
[   29.573788] intel_rapl: Found RAPL domain package
[   29.573793] intel_rapl: Found RAPL domain dram
[   29.573794] intel_rapl: DRAM domain energy unit 15300pj
[   29.578892] snd_hda_codec_realtek hdaudioC0D0: autoconfig for ALC888-VD: line_outs=1 (0x1b/0x0/0x0/0x0/0x0) type:hp
[   29.578894] snd_hda_codec_realtek hdaudioC0D0:    speaker_outs=0 (0x0/0x0/0x0/0x0/0x0)
[   29.578895] snd_hda_codec_realtek hdaudioC0D0:    hp_outs=0 (0x0/0x0/0x0/0x0/0x0)
[   29.578896] snd_hda_codec_realtek hdaudioC0D0:    mono: mono_out=0x0
[   29.578896] snd_hda_codec_realtek hdaudioC0D0:    inputs:
[   29.578898] snd_hda_codec_realtek hdaudioC0D0:      Mic=0x19
[   29.578898] snd_hda_codec_realtek hdaudioC0D0:    dig-in=0x1f
[   29.604113] [drm] Initialized ast 0.1.0 20120228 for 0000:06:00.0 on minor 0
[   29.629548] input: HDA Intel PCH Mic as /devices/pci0000:00/0000:00:1b.0/sound/card0/input4
[   29.629826] input: HDA Intel PCH Front Headphone as /devices/pci0000:00/0000:00:1b.0/sound/card0/input5
[   29.639373] audit: type=1400 audit(1515553093.318:2): apparmor="STATUS" operation="profile_load" profile="unconfined" name="/sbin/dhclient" pid=1183 comm="apparmor_parser"
[   29.639378] audit: type=1400 audit(1515553093.318:3): apparmor="STATUS" operation="profile_load" profile="unconfined" name="/usr/lib/NetworkManager/nm-dhcp-client.action" pid=1183 comm="apparmor_parser"
[   29.639382] audit: type=1400 audit(1515553093.318:4): apparmor="STATUS" operation="profile_load" profile="unconfined" name="/usr/lib/connman/scripts/dhclient-script" pid=1183 comm="apparmor_parser"
[   29.639704] audit: type=1400 audit(1515553093.318:5): apparmor="STATUS" operation="profile_replace" profile="unconfined" name="/usr/lib/NetworkManager/nm-dhcp-client.action" pid=1183 comm="apparmor_parser"
[   29.639707] audit: type=1400 audit(1515553093.318:6): apparmor="STATUS" operation="profile_replace" profile="unconfined" name="/usr/lib/connman/scripts/dhclient-script" pid=1183 comm="apparmor_parser"
[   29.639875] audit: type=1400 audit(1515553093.318:7): apparmor="STATUS" operation="profile_replace" profile="unconfined" name="/usr/lib/connman/scripts/dhclient-script" pid=1183 comm="apparmor_parser"
[   29.640134] audit: type=1400 audit(1515553093.322:8): apparmor="STATUS" operation="profile_replace" profile="unconfined" name="/sbin/dhclient" pid=1186 comm="apparmor_parser"
[   29.640142] audit: type=1400 audit(1515553093.322:9): apparmor="STATUS" operation="profile_replace" profile="unconfined" name="/usr/lib/NetworkManager/nm-dhcp-client.action" pid=1186 comm="apparmor_parser"
[   29.640147] audit: type=1400 audit(1515553093.322:10): apparmor="STATUS" operation="profile_replace" profile="unconfined" name="/usr/lib/connman/scripts/dhclient-script" pid=1186 comm="apparmor_parser"
[   29.640672] audit: type=1400 audit(1515553093.322:11): apparmor="STATUS" operation="profile_replace" profile="unconfined" name="/usr/lib/NetworkManager/nm-dhcp-client.action" pid=1186 comm="apparmor_parser"
[   29.724193] init: Failed to obtain startpar-bridge instance: Unknown parameter: INSTANCE
[   29.760953] nvidia: module license 'NVIDIA' taints kernel.
[   29.760954] Disabling lock debugging due to kernel taint
[   29.768416] nvidia: module verification failed: signature and/or required key missing - tainting kernel
[   29.774540] systemd-udevd[1317]: failed to execute '/bin/systemctl' '/bin/systemctl start --no-block nvidia-persistenced.service': No such file or directory
[   29.774711] nvidia 0000:02:00.0: enabling device (0100 -> 0103)
[   29.774798] vgaarb: device changed decodes: PCI:0000:02:00.0,olddecodes=io+mem,decodes=none:owns=none
[   29.774895] nvidia 0000:03:00.0: enabling device (0100 -> 0103)
[   29.774942] vgaarb: device changed decodes: PCI:0000:03:00.0,olddecodes=io+mem,decodes=none:owns=none
